0 verbose cli /usr/local/bin/node /usr/local/bin/npm
1 info using npm@11.6.2
2 info using node@v24.13.0
3 silly config load:file:/usr/local/lib/node_modules/npm/npmrc
4 silly config load:file:/Users/chrispatino/Documents/Intro to AI/timeless/.npmrc
5 silly config load:file:/Users/chrispatino/.npmrc
6 silly config load:file:/usr/local/etc/npmrc
7 verbose title npm install
8 verbose argv "install" "--cache" "./.npm-cache" "--legacy-peer-deps"
9 verbose logfile logs-max:10 dir:/Users/chrispatino/Documents/Intro to AI/timeless/.npm-cache/_logs/2026-05-25T16_25_48_357Z-
10 verbose logfile /Users/chrispatino/Documents/Intro to AI/timeless/.npm-cache/_logs/2026-05-25T16_25_48_357Z-debug-0.log
11 silly logfile done cleaning log files
12 silly packumentCache heap:4496293888 maxSize:1124073472 maxEntrySize:562036736
13 silly idealTree buildDeps
14 silly fetch manifest react@^18.3.1
15 silly packumentCache full:https://registry.npmjs.org/react cache-miss
16 http fetch GET 200 https://registry.npmjs.org/npm 213ms
17 http fetch GET 200 https://registry.npmjs.org/react 281ms (cache miss)
18 silly packumentCache full:https://registry.npmjs.org/react set size:undefined disposed:false
19 silly fetch manifest react-dom@^18.3.1
20 silly packumentCache full:https://registry.npmjs.org/react-dom cache-miss
21 http fetch GET 200 https://registry.npmjs.org/react-dom 199ms (cache miss)
22 silly packumentCache full:https://registry.npmjs.org/react-dom set size:undefined disposed:false
23 silly fetch manifest @vitejs/plugin-react@^4.3.4
24 silly packumentCache full:https://registry.npmjs.org/@vitejs%2fplugin-react cache-miss
25 http fetch GET 200 https://registry.npmjs.org/@vitejs%2fplugin-react 54ms (cache miss)
26 silly packumentCache full:https://registry.npmjs.org/@vitejs%2fplugin-react set size:undefined disposed:false
27 silly fetch manifest vite@^5.4.11
28 silly packumentCache full:https://registry.npmjs.org/vite cache-miss
29 http fetch GET 200 https://registry.npmjs.org/vite 1151ms (cache miss)
30 silly packumentCache full:https://registry.npmjs.org/vite set size:undefined disposed:false
31 silly placeDep ROOT @vitejs/plugin-react@4.7.0 OK for: timeless@1.0.0 want: ^4.3.4
32 silly placeDep ROOT react@18.3.1 OK for: timeless@1.0.0 want: ^18.3.1
33 silly placeDep ROOT react-dom@18.3.1 OK for: timeless@1.0.0 want: ^18.3.1
34 silly placeDep ROOT vite@5.4.21 OK for: timeless@1.0.0 want: ^5.4.11
35 silly fetch manifest @babel/core@^7.28.0
36 silly packumentCache full:https://registry.npmjs.org/@babel%2fcore cache-miss
37 silly fetch manifest react-refresh@^0.17.0
38 silly packumentCache full:https://registry.npmjs.org/react-refresh cache-miss
39 silly fetch manifest @types/babel__core@^7.20.5
40 silly packumentCache full:https://registry.npmjs.org/@types%2fbabel__core cache-miss
41 silly fetch manifest @rolldown/pluginutils@1.0.0-beta.27
42 silly packumentCache full:https://registry.npmjs.org/@rolldown%2fpluginutils cache-miss
43 silly fetch manifest @babel/plugin-transform-react-jsx-self@^7.27.1
44 silly packumentCache full:https://registry.npmjs.org/@babel%2fplugin-transform-react-jsx-self cache-miss
45 silly fetch manifest @babel/plugin-transform-react-jsx-source@^7.27.1
46 silly packumentCache full:https://registry.npmjs.org/@babel%2fplugin-transform-react-jsx-source cache-miss
47 silly fetch manifest loose-envify@^1.1.0
48 silly packumentCache full:https://registry.npmjs.org/loose-envify cache-miss
49 http fetch GET 200 https://registry.npmjs.org/@babel%2fcore 149ms (cache miss)
50 silly packumentCache full:https://registry.npmjs.org/@babel%2fcore set size:undefined disposed:false
51 silly fetch manifest scheduler@^0.23.2
52 silly packumentCache full:https://registry.npmjs.org/scheduler cache-miss
53 http fetch GET 200 https://registry.npmjs.org/react-refresh 230ms (cache miss)
54 silly packumentCache full:https://registry.npmjs.org/react-refresh set size:undefined disposed:false
55 silly fetch manifest loose-envify@^1.1.0
56 silly packumentCache full:https://registry.npmjs.org/loose-envify cache-miss
57 http fetch GET 200 https://registry.npmjs.org/scheduler 324ms (cache miss)
58 silly packumentCache full:https://registry.npmjs.org/scheduler set size:undefined disposed:false
59 silly fetch manifest rollup@^4.20.0
60 silly packumentCache full:https://registry.npmjs.org/rollup cache-miss
61 http fetch GET 200 https://registry.npmjs.org/loose-envify 261ms (cache miss)
62 silly packumentCache full:https://registry.npmjs.org/loose-envify set size:undefined disposed:false
63 silly fetch manifest esbuild@^0.21.3
64 silly packumentCache full:https://registry.npmjs.org/esbuild cache-miss
65 http fetch GET 200 https://registry.npmjs.org/loose-envify 550ms (cache miss)
66 silly packumentCache full:https://registry.npmjs.org/loose-envify set size:undefined disposed:false
67 silly fetch manifest postcss@^8.4.43
68 silly packumentCache full:https://registry.npmjs.org/postcss cache-miss
69 http fetch GET 200 https://registry.npmjs.org/@types%2fbabel__core 574ms (cache miss)
70 silly packumentCache full:https://registry.npmjs.org/@types%2fbabel__core set size:undefined disposed:false
71 silly fetch manifest fsevents@~2.3.3
72 silly packumentCache full:https://registry.npmjs.org/fsevents cache-miss
73 http fetch GET 200 https://registry.npmjs.org/@babel%2fplugin-transform-react-jsx-self 580ms (cache miss)
74 silly packumentCache full:https://registry.npmjs.org/@babel%2fplugin-transform-react-jsx-self set size:undefined disposed:false
75 http fetch GET 200 https://registry.npmjs.org/@rolldown%2fpluginutils 583ms (cache miss)
76 silly packumentCache full:https://registry.npmjs.org/@rolldown%2fpluginutils set size:undefined disposed:false
77 http fetch GET 200 https://registry.npmjs.org/@babel%2fplugin-transform-react-jsx-source 587ms (cache miss)
78 silly packumentCache full:https://registry.npmjs.org/@babel%2fplugin-transform-react-jsx-source set size:undefined disposed:false
79 http fetch GET 200 https://registry.npmjs.org/fsevents 149ms (cache miss)
80 silly packumentCache full:https://registry.npmjs.org/fsevents set size:undefined disposed:false
81 http fetch GET 200 https://registry.npmjs.org/postcss 176ms (cache miss)
82 silly packumentCache full:https://registry.npmjs.org/postcss set size:undefined disposed:false
83 http fetch GET 200 https://registry.npmjs.org/esbuild 210ms (cache miss)
84 silly packumentCache full:https://registry.npmjs.org/esbuild set size:undefined disposed:false
85 http fetch GET 200 https://registry.npmjs.org/rollup 255ms (cache miss)
86 silly packumentCache full:https://registry.npmjs.org/rollup set size:undefined disposed:false
87 silly placeDep ROOT @babel/core@7.29.7 OK for: @vitejs/plugin-react@4.7.0 want: ^7.28.0
88 silly placeDep ROOT @babel/plugin-transform-react-jsx-self@7.29.7 OK for: @vitejs/plugin-react@4.7.0 want: ^7.27.1
89 silly placeDep ROOT @babel/plugin-transform-react-jsx-source@7.29.7 OK for: @vitejs/plugin-react@4.7.0 want: ^7.27.1
90 silly placeDep ROOT @rolldown/pluginutils@1.0.0-beta.27 OK for: @vitejs/plugin-react@4.7.0 want: 1.0.0-beta.27
91 silly placeDep ROOT @types/babel__core@7.20.5 OK for: @vitejs/plugin-react@4.7.0 want: ^7.20.5
92 silly placeDep ROOT react-refresh@0.17.0 OK for: @vitejs/plugin-react@4.7.0 want: ^0.17.0
93 silly fetch manifest @babel/code-frame@^7.29.7
94 silly packumentCache full:https://registry.npmjs.org/@babel%2fcode-frame cache-miss
95 silly fetch manifest @babel/generator@^7.29.7
96 silly packumentCache full:https://registry.npmjs.org/@babel%2fgenerator cache-miss
97 silly fetch manifest @babel/helper-compilation-targets@^7.29.7
98 silly packumentCache full:https://registry.npmjs.org/@babel%2fhelper-compilation-targets cache-miss
99 silly fetch manifest @babel/helper-module-transforms@^7.29.7
100 silly packumentCache full:https://registry.npmjs.org/@babel%2fhelper-module-transforms cache-miss
101 silly fetch manifest @babel/helpers@^7.29.7
102 silly packumentCache full:https://registry.npmjs.org/@babel%2fhelpers cache-miss
103 silly fetch manifest @babel/parser@^7.29.7
104 silly packumentCache full:https://registry.npmjs.org/@babel%2fparser cache-miss
105 silly fetch manifest @babel/template@^7.29.7
106 silly packumentCache full:https://registry.npmjs.org/@babel%2ftemplate cache-miss
107 http fetch GET 200 https://registry.npmjs.org/@babel%2fcode-frame 90ms (cache miss)
108 silly packumentCache full:https://registry.npmjs.org/@babel%2fcode-frame set size:undefined disposed:false
109 silly fetch manifest @babel/traverse@^7.29.7
110 silly packumentCache full:https://registry.npmjs.org/@babel%2ftraverse cache-miss
111 http fetch GET 200 https://registry.npmjs.org/@babel%2fhelper-module-transforms 97ms (cache miss)
112 silly packumentCache full:https://registry.npmjs.org/@babel%2fhelper-module-transforms set size:undefined disposed:false
113 silly fetch manifest @babel/types@^7.29.7
114 silly packumentCache full:https://registry.npmjs.org/@babel%2ftypes cache-miss
115 http fetch GET 200 https://registry.npmjs.org/@babel%2fhelpers 111ms (cache miss)
116 silly packumentCache full:https://registry.npmjs.org/@babel%2fhelpers set size:undefined disposed:false
117 silly fetch manifest @jridgewell/remapping@^2.3.5
118 silly packumentCache full:https://registry.npmjs.org/@jridgewell%2fremapping cache-miss
119 http fetch GET 200 https://registry.npmjs.org/@babel%2ftemplate 113ms (cache miss)
120 silly packumentCache full:https://registry.npmjs.org/@babel%2ftemplate set size:undefined disposed:false
121 silly fetch manifest convert-source-map@^2.0.0
122 silly packumentCache full:https://registry.npmjs.org/convert-source-map cache-miss
123 http fetch GET 200 https://registry.npmjs.org/@babel%2fgenerator 121ms (cache miss)
124 silly packumentCache full:https://registry.npmjs.org/@babel%2fgenerator set size:undefined disposed:false
125 silly fetch manifest debug@^4.1.0
126 silly packumentCache full:https://registry.npmjs.org/debug cache-miss
127 http fetch GET 200 https://registry.npmjs.org/@babel%2fparser 124ms (cache miss)
128 silly packumentCache full:https://registry.npmjs.org/@babel%2fparser set size:undefined disposed:false
129 silly fetch manifest gensync@^1.0.0-beta.2
130 silly packumentCache full:https://registry.npmjs.org/gensync cache-miss
131 http fetch GET 200 https://registry.npmjs.org/@babel%2fhelper-compilation-targets 138ms (cache miss)
132 silly packumentCache full:https://registry.npmjs.org/@babel%2fhelper-compilation-targets set size:undefined disposed:false
133 silly fetch manifest json5@^2.2.3
134 silly packumentCache full:https://registry.npmjs.org/json5 cache-miss
135 http fetch GET 200 https://registry.npmjs.org/convert-source-map 51ms (cache miss)
136 silly packumentCache full:https://registry.npmjs.org/convert-source-map set size:undefined disposed:false
137 silly fetch manifest semver@^6.3.1
138 silly packumentCache full:https://registry.npmjs.org/semver cache-miss
139 http fetch GET 200 https://registry.npmjs.org/debug 50ms (cache miss)
140 silly packumentCache full:https://registry.npmjs.org/debug set size:undefined disposed:false
141 silly fetch manifest @babel/helper-plugin-utils@^7.29.7
142 silly packumentCache full:https://registry.npmjs.org/@babel%2fhelper-plugin-utils cache-miss
143 http fetch GET 200 https://registry.npmjs.org/gensync 48ms (cache miss)
144 silly packumentCache full:https://registry.npmjs.org/gensync set size:undefined disposed:false
145 silly fetch manifest @babel/helper-plugin-utils@^7.29.7
146 silly packumentCache full:https://registry.npmjs.org/@babel%2fhelper-plugin-utils cache-miss
147 http fetch GET 200 https://registry.npmjs.org/@babel%2ftypes 81ms (cache miss)
148 silly packumentCache full:https://registry.npmjs.org/@babel%2ftypes set size:undefined disposed:false
149 silly fetch manifest @babel/types@^7.20.7
150 silly packumentCache full:https://registry.npmjs.org/@babel%2ftypes cache-miss
151 http fetch GET 200 https://registry.npmjs.org/@jridgewell%2fremapping 72ms (cache miss)
152 silly packumentCache full:https://registry.npmjs.org/@jridgewell%2fremapping set size:undefined disposed:false
153 silly fetch manifest @babel/parser@^7.20.7
154 silly packumentCache full:https://registry.npmjs.org/@babel%2fparser cache-miss
155 http fetch GET 200 https://registry.npmjs.org/json5 56ms (cache miss)
156 silly packumentCache full:https://registry.npmjs.org/json5 set size:undefined disposed:false
157 silly fetch manifest @types/babel__template@*
158 silly packumentCache full:https://registry.npmjs.org/@types%2fbabel__template cache-miss
159 http cache https://registry.npmjs.org/@babel%2ftypes 14ms (cache hit)
160 silly packumentCache full:https://registry.npmjs.org/@babel%2ftypes set size:496342 disposed:false
161 silly fetch manifest @types/babel__traverse@*
162 silly packumentCache full:https://registry.npmjs.org/@types%2fbabel__traverse cache-miss
163 http fetch GET 200 https://registry.npmjs.org/@babel%2ftraverse 110ms (cache miss)
164 silly packumentCache full:https://registry.npmjs.org/@babel%2ftraverse set size:undefined disposed:false
165 silly fetch manifest @types/babel__generator@*
166 silly packumentCache full:https://registry.npmjs.org/@types%2fbabel__generator cache-miss
167 http cache https://registry.npmjs.org/@babel%2fparser 26ms (cache hit)
168 silly packumentCache full:https://registry.npmjs.org/@babel%2fparser set size:730539 disposed:false
169 http fetch GET 200 https://registry.npmjs.org/semver 54ms (cache miss)
170 silly packumentCache full:https://registry.npmjs.org/semver set size:undefined disposed:false
171 http fetch GET 200 https://registry.npmjs.org/@types%2fbabel__template 48ms (cache miss)
172 silly packumentCache full:https://registry.npmjs.org/@types%2fbabel__template set size:undefined disposed:false
173 http fetch GET 200 https://registry.npmjs.org/@types%2fbabel__traverse 50ms (cache miss)
174 silly packumentCache full:https://registry.npmjs.org/@types%2fbabel__traverse set size:undefined disposed:false
175 http fetch GET 200 https://registry.npmjs.org/@types%2fbabel__generator 47ms (cache miss)
176 silly packumentCache full:https://registry.npmjs.org/@types%2fbabel__generator set size:undefined disposed:false
177 http fetch GET 200 https://registry.npmjs.org/@babel%2fhelper-plugin-utils 116ms (cache miss)
178 silly packumentCache full:https://registry.npmjs.org/@babel%2fhelper-plugin-utils set size:undefined disposed:false
179 http fetch GET 200 https://registry.npmjs.org/@babel%2fhelper-plugin-utils 114ms (cache miss)
180 silly packumentCache full:https://registry.npmjs.org/@babel%2fhelper-plugin-utils set size:undefined disposed:false
181 silly placeDep ROOT @babel/code-frame@7.29.7 OK for: @babel/core@7.29.7 want: ^7.29.7
182 silly placeDep ROOT @babel/generator@7.29.7 OK for: @babel/core@7.29.7 want: ^7.29.7
183 silly placeDep ROOT @babel/helper-compilation-targets@7.29.7 OK for: @babel/core@7.29.7 want: ^7.29.7
184 silly placeDep ROOT @babel/helper-module-transforms@7.29.7 OK for: @babel/core@7.29.7 want: ^7.29.7
185 silly placeDep ROOT @babel/helpers@7.29.7 OK for: @babel/core@7.29.7 want: ^7.29.7
186 silly placeDep ROOT @babel/parser@7.29.7 OK for: @babel/core@7.29.7 want: ^7.29.7
187 silly placeDep ROOT @babel/template@7.29.7 OK for: @babel/core@7.29.7 want: ^7.29.7
188 silly placeDep ROOT @babel/traverse@7.29.7 OK for: @babel/core@7.29.7 want: ^7.29.7
189 silly placeDep ROOT @babel/types@7.29.7 OK for: @babel/core@7.29.7 want: ^7.29.7
190 silly placeDep ROOT @jridgewell/remapping@2.3.5 OK for: @babel/core@7.29.7 want: ^2.3.5
191 silly placeDep ROOT convert-source-map@2.0.0 OK for: @babel/core@7.29.7 want: ^2.0.0
192 silly placeDep ROOT debug@4.4.3 OK for: @babel/core@7.29.7 want: ^4.1.0
193 silly placeDep ROOT gensync@1.0.0-beta.2 OK for: @babel/core@7.29.7 want: ^1.0.0-beta.2
194 silly placeDep ROOT json5@2.2.3 OK for: @babel/core@7.29.7 want: ^2.2.3
195 silly placeDep ROOT semver@6.3.1 OK for: @babel/core@7.29.7 want: ^6.3.1
196 silly fetch manifest @babel/helper-validator-identifier@^7.29.7
197 silly packumentCache full:https://registry.npmjs.org/@babel%2fhelper-validator-identifier cache-miss
198 silly fetch manifest js-tokens@^4.0.0
199 silly packumentCache full:https://registry.npmjs.org/js-tokens cache-miss
200 silly fetch manifest picocolors@^1.1.1
201 silly packumentCache full:https://registry.npmjs.org/picocolors cache-miss
202 silly fetch manifest @jridgewell/gen-mapping@^0.3.12
203 silly packumentCache full:https://registry.npmjs.org/@jridgewell%2fgen-mapping cache-miss
204 silly fetch manifest @jridgewell/trace-mapping@^0.3.28
205 silly packumentCache full:https://registry.npmjs.org/@jridgewell%2ftrace-mapping cache-miss
206 silly fetch manifest jsesc@^3.0.2
207 silly packumentCache full:https://registry.npmjs.org/jsesc cache-miss
208 silly fetch manifest @babel/compat-data@^7.29.7
209 silly packumentCache full:https://registry.npmjs.org/@babel%2fcompat-data cache-miss
210 http fetch GET 200 https://registry.npmjs.org/picocolors 44ms (cache miss)
211 silly packumentCache full:https://registry.npmjs.org/picocolors set size:undefined disposed:false
212 silly fetch manifest @babel/helper-validator-option@^7.29.7
213 silly packumentCache full:https://registry.npmjs.org/@babel%2fhelper-validator-option cache-miss
214 http fetch GET 200 https://registry.npmjs.org/js-tokens 59ms (cache miss)
215 silly packumentCache full:https://registry.npmjs.org/js-tokens set size:undefined disposed:false
216 silly fetch manifest browserslist@^4.24.0
217 silly packumentCache full:https://registry.npmjs.org/browserslist cache-miss
218 http fetch GET 200 https://registry.npmjs.org/jsesc 59ms (cache miss)
219 silly packumentCache full:https://registry.npmjs.org/jsesc set size:undefined disposed:false
220 silly fetch manifest lru-cache@^5.1.1
221 silly packumentCache full:https://registry.npmjs.org/lru-cache cache-miss
222 http fetch GET 200 https://registry.npmjs.org/@jridgewell%2fgen-mapping 63ms (cache miss)
223 silly packumentCache full:https://registry.npmjs.org/@jridgewell%2fgen-mapping set size:undefined disposed:false
224 silly fetch manifest @babel/helper-module-imports@^7.29.7
225 silly packumentCache full:https://registry.npmjs.org/@babel%2fhelper-module-imports cache-miss
226 http fetch GET 200 https://registry.npmjs.org/@babel%2fhelper-validator-identifier 68ms (cache miss)
227 silly packumentCache full:https://registry.npmjs.org/@babel%2fhelper-validator-identifier set size:undefined disposed:false
228 silly fetch manifest @babel/helper-globals@^7.29.7
229 silly packumentCache full:https://registry.npmjs.org/@babel%2fhelper-globals cache-miss
230 http fetch GET 200 https://registry.npmjs.org/@jridgewell%2ftrace-mapping 72ms (cache miss)
231 silly packumentCache full:https://registry.npmjs.org/@jridgewell%2ftrace-mapping set size:undefined disposed:false
232 silly fetch manifest debug@^4.3.1
233 silly packumentCache full:https://registry.npmjs.org/debug cache-miss
234 http fetch GET 200 https://registry.npmjs.org/@babel%2fcompat-data 73ms (cache miss)
235 silly packumentCache full:https://registry.npmjs.org/@babel%2fcompat-data set size:undefined disposed:false
236 silly fetch manifest @babel/helper-string-parser@^7.29.7
237 silly packumentCache full:https://registry.npmjs.org/@babel%2fhelper-string-parser cache-miss
238 http cache https://registry.npmjs.org/debug 9ms (cache hit)
239 silly packumentCache full:https://registry.npmjs.org/debug set size:195840 disposed:false
240 silly fetch manifest @jridgewell/gen-mapping@^0.3.5
241 silly packumentCache full:https://registry.npmjs.org/@jridgewell%2fgen-mapping cache-miss
242 http cache https://registry.npmjs.org/@jridgewell%2fgen-mapping 6ms (cache hit)
243 silly packumentCache full:https://registry.npmjs.org/@jridgewell%2fgen-mapping set size:75941 disposed:false
244 silly fetch manifest @jridgewell/trace-mapping@^0.3.24
245 silly packumentCache full:https://registry.npmjs.org/@jridgewell%2ftrace-mapping cache-miss
246 http fetch GET 200 https://registry.npmjs.org/@babel%2fhelper-validator-option 54ms (cache miss)
247 silly packumentCache full:https://registry.npmjs.org/@babel%2fhelper-validator-option set size:undefined disposed:false
248 silly fetch manifest ms@^2.1.3
249 silly packumentCache full:https://registry.npmjs.org/ms cache-miss
250 http cache https://registry.npmjs.org/@jridgewell%2ftrace-mapping 6ms (cache hit)
251 silly packumentCache full:https://registry.npmjs.org/@jridgewell%2ftrace-mapping set size:170909 disposed:false
252 http fetch GET 200 https://registry.npmjs.org/@babel%2fhelper-globals 58ms (cache miss)
253 silly packumentCache full:https://registry.npmjs.org/@babel%2fhelper-globals set size:undefined disposed:false
254 http fetch GET 200 https://registry.npmjs.org/@babel%2fhelper-string-parser 52ms (cache miss)
255 silly packumentCache full:https://registry.npmjs.org/@babel%2fhelper-string-parser set size:undefined disposed:false
256 http fetch GET 200 https://registry.npmjs.org/@babel%2fhelper-module-imports 66ms (cache miss)
257 silly packumentCache full:https://registry.npmjs.org/@babel%2fhelper-module-imports set size:undefined disposed:false
258 http fetch GET 200 https://registry.npmjs.org/browserslist 74ms (cache miss)
259 silly packumentCache full:https://registry.npmjs.org/browserslist set size:undefined disposed:false
260 http fetch GET 200 https://registry.npmjs.org/lru-cache 87ms (cache miss)
261 silly packumentCache full:https://registry.npmjs.org/lru-cache set size:undefined disposed:false
262 http fetch GET 200 https://registry.npmjs.org/ms 61ms (cache miss)
263 silly packumentCache full:https://registry.npmjs.org/ms set size:undefined disposed:false
264 silly placeDep ROOT @babel/helper-validator-identifier@7.29.7 OK for: @babel/code-frame@7.29.7 want: ^7.29.7
265 silly placeDep ROOT js-tokens@4.0.0 OK for: @babel/code-frame@7.29.7 want: ^4.0.0
266 silly placeDep ROOT picocolors@1.1.1 OK for: @babel/code-frame@7.29.7 want: ^1.1.1
267 silly placeDep ROOT @jridgewell/gen-mapping@0.3.13 OK for: @babel/generator@7.29.7 want: ^0.3.12
268 silly placeDep ROOT @jridgewell/trace-mapping@0.3.31 OK for: @babel/generator@7.29.7 want: ^0.3.28
269 silly placeDep ROOT jsesc@3.1.0 OK for: @babel/generator@7.29.7 want: ^3.0.2
270 silly fetch manifest @jridgewell/sourcemap-codec@^1.5.0
271 silly packumentCache full:https://registry.npmjs.org/@jridgewell%2fsourcemap-codec cache-miss
272 silly fetch manifest @jridgewell/resolve-uri@^3.1.0
273 silly packumentCache full:https://registry.npmjs.org/@jridgewell%2fresolve-uri cache-miss
274 silly fetch manifest @jridgewell/sourcemap-codec@^1.4.14
275 silly packumentCache full:https://registry.npmjs.org/@jridgewell%2fsourcemap-codec cache-miss
276 http fetch GET 200 https://registry.npmjs.org/@jridgewell%2fsourcemap-codec 46ms (cache miss)
277 silly packumentCache full:https://registry.npmjs.org/@jridgewell%2fsourcemap-codec set size:undefined disposed:false
278 http fetch GET 200 https://registry.npmjs.org/@jridgewell%2fsourcemap-codec 52ms (cache miss)
279 silly packumentCache full:https://registry.npmjs.org/@jridgewell%2fsourcemap-codec set size:undefined disposed:false
280 http fetch GET 200 https://registry.npmjs.org/@jridgewell%2fresolve-uri 54ms (cache miss)
281 silly packumentCache full:https://registry.npmjs.org/@jridgewell%2fresolve-uri set size:undefined disposed:false
282 silly placeDep ROOT @babel/compat-data@7.29.7 OK for: @babel/helper-compilation-targets@7.29.7 want: ^7.29.7
283 silly placeDep ROOT @babel/helper-validator-option@7.29.7 OK for: @babel/helper-compilation-targets@7.29.7 want: ^7.29.7
284 silly placeDep ROOT browserslist@4.28.2 OK for: @babel/helper-compilation-targets@7.29.7 want: ^4.24.0
285 silly placeDep ROOT lru-cache@5.1.1 OK for: @babel/helper-compilation-targets@7.29.7 want: ^5.1.1
286 silly fetch manifest baseline-browser-mapping@^2.10.12
287 silly packumentCache full:https://registry.npmjs.org/baseline-browser-mapping cache-miss
288 silly fetch manifest caniuse-lite@^1.0.30001782
289 silly packumentCache full:https://registry.npmjs.org/caniuse-lite cache-miss
290 silly fetch manifest electron-to-chromium@^1.5.328
291 silly packumentCache full:https://registry.npmjs.org/electron-to-chromium cache-miss
292 silly fetch manifest node-releases@^2.0.36
293 silly packumentCache full:https://registry.npmjs.org/node-releases cache-miss
294 silly fetch manifest update-browserslist-db@^1.2.3
295 silly packumentCache full:https://registry.npmjs.org/update-browserslist-db cache-miss
296 silly fetch manifest yallist@^3.0.2
297 silly packumentCache full:https://registry.npmjs.org/yallist cache-miss
298 http fetch GET 200 https://registry.npmjs.org/update-browserslist-db 56ms (cache miss)
299 silly packumentCache full:https://registry.npmjs.org/update-browserslist-db set size:undefined disposed:false
300 http fetch GET 200 https://registry.npmjs.org/yallist 57ms (cache miss)
301 silly packumentCache full:https://registry.npmjs.org/yallist set size:undefined disposed:false
302 http fetch GET 200 https://registry.npmjs.org/baseline-browser-mapping 62ms (cache miss)
303 silly packumentCache full:https://registry.npmjs.org/baseline-browser-mapping set size:undefined disposed:false
304 http fetch GET 200 https://registry.npmjs.org/node-releases 69ms (cache miss)
305 silly packumentCache full:https://registry.npmjs.org/node-releases set size:undefined disposed:false
306 http fetch GET 200 https://registry.npmjs.org/caniuse-lite 117ms (cache miss)
307 silly packumentCache full:https://registry.npmjs.org/caniuse-lite set size:undefined disposed:false
308 http fetch GET 200 https://registry.npmjs.org/electron-to-chromium 187ms (cache miss)
309 silly packumentCache full:https://registry.npmjs.org/electron-to-chromium set size:undefined disposed:false
310 silly placeDep ROOT @babel/helper-module-imports@7.29.7 OK for: @babel/helper-module-transforms@7.29.7 want: ^7.29.7
311 silly placeDep ROOT @babel/helper-plugin-utils@7.29.7 OK for: @babel/plugin-transform-react-jsx-self@7.29.7 want: ^7.29.7
312 silly placeDep ROOT @babel/helper-globals@7.29.7 OK for: @babel/traverse@7.29.7 want: ^7.29.7
313 silly placeDep ROOT @babel/helper-string-parser@7.29.7 OK for: @babel/types@7.29.7 want: ^7.29.7
314 silly placeDep ROOT @jridgewell/sourcemap-codec@1.5.5 OK for: @jridgewell/gen-mapping@0.3.13 want: ^1.5.0
315 silly placeDep ROOT @jridgewell/resolve-uri@3.1.2 OK for: @jridgewell/trace-mapping@0.3.31 want: ^3.1.0
316 silly placeDep ROOT @types/babel__generator@7.27.0 OK for: @types/babel__core@7.20.5 want: *
317 silly placeDep ROOT @types/babel__template@7.4.4 OK for: @types/babel__core@7.20.5 want: *
318 silly placeDep ROOT @types/babel__traverse@7.28.0 OK for: @types/babel__core@7.20.5 want: *
319 silly placeDep ROOT baseline-browser-mapping@2.10.32 OK for: browserslist@4.28.2 want: ^2.10.12
320 silly placeDep ROOT caniuse-lite@1.0.30001793 OK for: browserslist@4.28.2 want: ^1.0.30001782
321 silly placeDep ROOT electron-to-chromium@1.5.361 OK for: browserslist@4.28.2 want: ^1.5.328
322 silly placeDep ROOT node-releases@2.0.46 OK for: browserslist@4.28.2 want: ^2.0.36
323 silly placeDep ROOT update-browserslist-db@1.2.3 OK for: browserslist@4.28.2 want: ^1.2.3
324 silly fetch manifest escalade@^3.2.0
325 silly packumentCache full:https://registry.npmjs.org/escalade cache-miss
326 http fetch GET 200 https://registry.npmjs.org/escalade 43ms (cache miss)
327 silly packumentCache full:https://registry.npmjs.org/escalade set size:undefined disposed:false
328 silly placeDep ROOT ms@2.1.3 OK for: debug@4.4.3 want: ^2.1.3
329 silly placeDep ROOT yallist@3.1.1 OK for: lru-cache@5.1.1 want: ^3.0.2
330 silly placeDep ROOT loose-envify@1.4.0 OK for: react@18.3.1 want: ^1.1.0
331 silly placeDep ROOT scheduler@0.23.2 OK for: react-dom@18.3.1 want: ^0.23.2
332 silly placeDep ROOT escalade@3.2.0 OK for: update-browserslist-db@1.2.3 want: ^3.2.0
333 silly placeDep ROOT esbuild@0.21.5 OK for: vite@5.4.21 want: ^0.21.3
334 silly placeDep ROOT fsevents@2.3.3 OK for: vite@5.4.21 want: ~2.3.3
335 silly placeDep ROOT postcss@8.5.15 OK for: vite@5.4.21 want: ^8.4.43
336 silly placeDep ROOT rollup@4.60.4 OK for: vite@5.4.21 want: ^4.20.0
337 silly fetch manifest @esbuild/aix-ppc64@0.21.5
338 silly packumentCache full:https://registry.npmjs.org/@esbuild%2faix-ppc64 cache-miss
339 silly fetch manifest @esbuild/linux-arm@0.21.5
340 silly packumentCache full:https://registry.npmjs.org/@esbuild%2flinux-arm cache-miss
341 silly fetch manifest @esbuild/linux-x64@0.21.5
342 silly packumentCache full:https://registry.npmjs.org/@esbuild%2flinux-x64 cache-miss
343 silly fetch manifest @esbuild/sunos-x64@0.21.5
344 silly packumentCache full:https://registry.npmjs.org/@esbuild%2fsunos-x64 cache-miss
345 silly fetch manifest @esbuild/win32-x64@0.21.5
346 silly packumentCache full:https://registry.npmjs.org/@esbuild%2fwin32-x64 cache-miss
347 silly fetch manifest @esbuild/darwin-x64@0.21.5
348 silly packumentCache full:https://registry.npmjs.org/@esbuild%2fdarwin-x64 cache-miss
349 silly fetch manifest @esbuild/linux-ia32@0.21.5
350 silly packumentCache full:https://registry.npmjs.org/@esbuild%2flinux-ia32 cache-miss
351 http fetch GET 200 https://registry.npmjs.org/@esbuild%2faix-ppc64 64ms (cache miss)
352 silly packumentCache full:https://registry.npmjs.org/@esbuild%2faix-ppc64 set size:undefined disposed:false
353 silly fetch manifest @esbuild/netbsd-x64@0.21.5
354 silly packumentCache full:https://registry.npmjs.org/@esbuild%2fnetbsd-x64 cache-miss
355 http fetch GET 200 https://registry.npmjs.org/@esbuild%2fdarwin-x64 73ms (cache miss)
356 silly packumentCache full:https://registry.npmjs.org/@esbuild%2fdarwin-x64 set size:undefined disposed:false
357 silly fetch manifest @esbuild/win32-ia32@0.21.5
358 silly packumentCache full:https://registry.npmjs.org/@esbuild%2fwin32-ia32 cache-miss
359 http fetch GET 200 https://registry.npmjs.org/@esbuild%2fwin32-x64 76ms (cache miss)
360 silly packumentCache full:https://registry.npmjs.org/@esbuild%2fwin32-x64 set size:undefined disposed:false
361 silly fetch manifest @esbuild/android-arm@0.21.5
362 silly packumentCache full:https://registry.npmjs.org/@esbuild%2fandroid-arm cache-miss
363 http fetch GET 200 https://registry.npmjs.org/@esbuild%2flinux-arm 79ms (cache miss)
364 silly packumentCache full:https://registry.npmjs.org/@esbuild%2flinux-arm set size:undefined disposed:false
365 silly fetch manifest @esbuild/android-x64@0.21.5
366 silly packumentCache full:https://registry.npmjs.org/@esbuild%2fandroid-x64 cache-miss
367 http fetch GET 200 https://registry.npmjs.org/@esbuild%2fsunos-x64 82ms (cache miss)
368 silly packumentCache full:https://registry.npmjs.org/@esbuild%2fsunos-x64 set size:undefined disposed:false
369 silly fetch manifest @esbuild/freebsd-x64@0.21.5
370 silly packumentCache full:https://registry.npmjs.org/@esbuild%2ffreebsd-x64 cache-miss
371 http fetch GET 200 https://registry.npmjs.org/@esbuild%2flinux-ia32 84ms (cache miss)
372 silly packumentCache full:https://registry.npmjs.org/@esbuild%2flinux-ia32 set size:undefined disposed:false
373 silly fetch manifest @esbuild/linux-arm64@0.21.5
374 silly packumentCache full:https://registry.npmjs.org/@esbuild%2flinux-arm64 cache-miss
375 http fetch GET 200 https://registry.npmjs.org/@esbuild%2flinux-x64 93ms (cache miss)
376 silly packumentCache full:https://registry.npmjs.org/@esbuild%2flinux-x64 set size:undefined disposed:false
377 silly fetch manifest @esbuild/linux-ppc64@0.21.5
378 silly packumentCache full:https://registry.npmjs.org/@esbuild%2flinux-ppc64 cache-miss
379 http fetch GET 200 https://registry.npmjs.org/@esbuild%2fnetbsd-x64 57ms (cache miss)
380 silly packumentCache full:https://registry.npmjs.org/@esbuild%2fnetbsd-x64 set size:undefined disposed:false
381 silly fetch manifest @esbuild/linux-s390x@0.21.5
382 silly packumentCache full:https://registry.npmjs.org/@esbuild%2flinux-s390x cache-miss
383 http fetch GET 200 https://registry.npmjs.org/@esbuild%2fwin32-ia32 57ms (cache miss)
384 silly packumentCache full:https://registry.npmjs.org/@esbuild%2fwin32-ia32 set size:undefined disposed:false
385 silly fetch manifest @esbuild/openbsd-x64@0.21.5
386 silly packumentCache full:https://registry.npmjs.org/@esbuild%2fopenbsd-x64 cache-miss
387 http fetch GET 200 https://registry.npmjs.org/@esbuild%2fandroid-x64 60ms (cache miss)
388 silly packumentCache full:https://registry.npmjs.org/@esbuild%2fandroid-x64 set size:undefined disposed:false
389 silly fetch manifest @esbuild/win32-arm64@0.21.5
390 silly packumentCache full:https://registry.npmjs.org/@esbuild%2fwin32-arm64 cache-miss
391 http fetch GET 200 https://registry.npmjs.org/@esbuild%2flinux-arm64 59ms (cache miss)
392 silly packumentCache full:https://registry.npmjs.org/@esbuild%2flinux-arm64 set size:undefined disposed:false
393 silly fetch manifest @esbuild/darwin-arm64@0.21.5
394 silly packumentCache full:https://registry.npmjs.org/@esbuild%2fdarwin-arm64 cache-miss
395 http fetch GET 200 https://registry.npmjs.org/@esbuild%2ffreebsd-x64 64ms (cache miss)
396 silly packumentCache full:https://registry.npmjs.org/@esbuild%2ffreebsd-x64 set size:undefined disposed:false
397 silly fetch manifest @esbuild/android-arm64@0.21.5
398 silly packumentCache full:https://registry.npmjs.org/@esbuild%2fandroid-arm64 cache-miss
399 http fetch GET 200 https://registry.npmjs.org/@esbuild%2fandroid-arm 100ms (cache miss)
400 silly packumentCache full:https://registry.npmjs.org/@esbuild%2fandroid-arm set size:undefined disposed:false
401 silly fetch manifest @esbuild/freebsd-arm64@0.21.5
402 silly packumentCache full:https://registry.npmjs.org/@esbuild%2ffreebsd-arm64 cache-miss
403 http fetch GET 200 https://registry.npmjs.org/@esbuild%2flinux-s390x 62ms (cache miss)
404 silly packumentCache full:https://registry.npmjs.org/@esbuild%2flinux-s390x set size:undefined disposed:false
405 silly fetch manifest @esbuild/linux-loong64@0.21.5
406 silly packumentCache full:https://registry.npmjs.org/@esbuild%2flinux-loong64 cache-miss
407 http fetch GET 200 https://registry.npmjs.org/@esbuild%2flinux-ppc64 97ms (cache miss)
408 silly packumentCache full:https://registry.npmjs.org/@esbuild%2flinux-ppc64 set size:undefined disposed:false
409 silly fetch manifest @esbuild/linux-riscv64@0.21.5
410 silly packumentCache full:https://registry.npmjs.org/@esbuild%2flinux-riscv64 cache-miss
411 http fetch GET 200 https://registry.npmjs.org/@esbuild%2fopenbsd-x64 59ms (cache miss)
412 silly packumentCache full:https://registry.npmjs.org/@esbuild%2fopenbsd-x64 set size:undefined disposed:false
413 silly fetch manifest @esbuild/linux-mips64el@0.21.5
414 silly packumentCache full:https://registry.npmjs.org/@esbuild%2flinux-mips64el cache-miss
415 http fetch GET 200 https://registry.npmjs.org/@esbuild%2fandroid-arm64 54ms (cache miss)
416 silly packumentCache full:https://registry.npmjs.org/@esbuild%2fandroid-arm64 set size:undefined disposed:false
417 silly fetch manifest nanoid@^3.3.12
418 silly packumentCache full:https://registry.npmjs.org/nanoid cache-miss
419 http fetch GET 200 https://registry.npmjs.org/@esbuild%2fwin32-arm64 114ms (cache miss)
420 silly packumentCache full:https://registry.npmjs.org/@esbuild%2fwin32-arm64 set size:undefined disposed:false
421 silly fetch manifest source-map-js@^1.2.1
422 silly packumentCache full:https://registry.npmjs.org/source-map-js cache-miss
423 http fetch GET 200 https://registry.npmjs.org/@esbuild%2ffreebsd-arm64 79ms (cache miss)
424 silly packumentCache full:https://registry.npmjs.org/@esbuild%2ffreebsd-arm64 set size:undefined disposed:false
425 silly fetch manifest @types/estree@1.0.8
426 silly packumentCache full:https://registry.npmjs.org/@types%2festree cache-miss
427 http fetch GET 200 https://registry.npmjs.org/nanoid 58ms (cache miss)
428 silly packumentCache full:https://registry.npmjs.org/nanoid set size:undefined disposed:false
429 silly fetch manifest @rollup/rollup-darwin-arm64@4.60.4
430 silly packumentCache full:https://registry.npmjs.org/@rollup%2frollup-darwin-arm64 cache-miss
431 http fetch GET 200 https://registry.npmjs.org/@esbuild%2flinux-riscv64 76ms (cache miss)
432 silly packumentCache full:https://registry.npmjs.org/@esbuild%2flinux-riscv64 set size:undefined disposed:false
433 silly fetch manifest @rollup/rollup-android-arm64@4.60.4
434 silly packumentCache full:https://registry.npmjs.org/@rollup%2frollup-android-arm64 cache-miss
435 http fetch GET 200 https://registry.npmjs.org/@esbuild%2flinux-loong64 86ms (cache miss)
436 silly packumentCache full:https://registry.npmjs.org/@esbuild%2flinux-loong64 set size:undefined disposed:false
437 silly fetch manifest @rollup/rollup-win32-arm64-msvc@4.60.4
438 silly packumentCache full:https://registry.npmjs.org/@rollup%2frollup-win32-arm64-msvc cache-miss
439 http fetch GET 200 https://registry.npmjs.org/@esbuild%2fdarwin-arm64 128ms (cache miss)
440 silly packumentCache full:https://registry.npmjs.org/@esbuild%2fdarwin-arm64 set size:undefined disposed:false
441 silly fetch manifest @rollup/rollup-freebsd-arm64@4.60.4
442 silly packumentCache full:https://registry.npmjs.org/@rollup%2frollup-freebsd-arm64 cache-miss
443 http fetch GET 200 https://registry.npmjs.org/source-map-js 33ms (cache miss)
444 silly packumentCache full:https://registry.npmjs.org/source-map-js set size:undefined disposed:false
445 silly fetch manifest @rollup/rollup-linux-arm64-gnu@4.60.4
446 silly packumentCache full:https://registry.npmjs.org/@rollup%2frollup-linux-arm64-gnu cache-miss
447 http fetch GET 200 https://registry.npmjs.org/@esbuild%2flinux-mips64el 98ms (cache miss)
448 silly packumentCache full:https://registry.npmjs.org/@esbuild%2flinux-mips64el set size:undefined disposed:false
449 silly fetch manifest @rollup/rollup-linux-arm64-musl@4.60.4
450 silly packumentCache full:https://registry.npmjs.org/@rollup%2frollup-linux-arm64-musl cache-miss
451 http fetch GET 200 https://registry.npmjs.org/@types%2festree 48ms (cache miss)
452 silly packumentCache full:https://registry.npmjs.org/@types%2festree set size:undefined disposed:false
453 silly fetch manifest @rollup/rollup-android-arm-eabi@4.60.4
454 silly packumentCache full:https://registry.npmjs.org/@rollup%2frollup-android-arm-eabi cache-miss
455 http fetch GET 200 https://registry.npmjs.org/@rollup%2frollup-freebsd-arm64 56ms (cache miss)
456 silly packumentCache full:https://registry.npmjs.org/@rollup%2frollup-freebsd-arm64 set size:undefined disposed:false
457 silly fetch manifest @rollup/rollup-linux-arm-gnueabihf@4.60.4
458 silly packumentCache full:https://registry.npmjs.org/@rollup%2frollup-linux-arm-gnueabihf cache-miss
459 http fetch GET 200 https://registry.npmjs.org/@rollup%2frollup-win32-arm64-msvc 61ms (cache miss)
460 silly packumentCache full:https://registry.npmjs.org/@rollup%2frollup-win32-arm64-msvc set size:undefined disposed:false
461 silly fetch manifest @rollup/rollup-linux-arm-musleabihf@4.60.4
462 silly packumentCache full:https://registry.npmjs.org/@rollup%2frollup-linux-arm-musleabihf cache-miss
463 http fetch GET 200 https://registry.npmjs.org/@rollup%2frollup-darwin-arm64 123ms (cache miss)
464 silly packumentCache full:https://registry.npmjs.org/@rollup%2frollup-darwin-arm64 set size:undefined disposed:false
465 silly fetch manifest @rollup/rollup-win32-ia32-msvc@4.60.4
466 silly packumentCache full:https://registry.npmjs.org/@rollup%2frollup-win32-ia32-msvc cache-miss
467 http fetch GET 200 https://registry.npmjs.org/@rollup%2frollup-android-arm64 125ms (cache miss)
468 silly packumentCache full:https://registry.npmjs.org/@rollup%2frollup-android-arm64 set size:undefined disposed:false
469 silly fetch manifest @rollup/rollup-linux-loong64-gnu@4.60.4
470 silly packumentCache full:https://registry.npmjs.org/@rollup%2frollup-linux-loong64-gnu cache-miss
471 http fetch GET 200 https://registry.npmjs.org/@rollup%2frollup-linux-arm-gnueabihf 68ms (cache miss)
472 silly packumentCache full:https://registry.npmjs.org/@rollup%2frollup-linux-arm-gnueabihf set size:undefined disposed:false
473 silly fetch manifest @rollup/rollup-linux-loong64-musl@4.60.4
474 silly packumentCache full:https://registry.npmjs.org/@rollup%2frollup-linux-loong64-musl cache-miss
475 http fetch GET 200 https://registry.npmjs.org/@rollup%2frollup-linux-arm64-gnu 114ms (cache miss)
476 silly packumentCache full:https://registry.npmjs.org/@rollup%2frollup-linux-arm64-gnu set size:undefined disposed:false
477 silly fetch manifest @rollup/rollup-linux-riscv64-gnu@4.60.4
478 silly packumentCache full:https://registry.npmjs.org/@rollup%2frollup-linux-riscv64-gnu cache-miss
479 http fetch GET 200 https://registry.npmjs.org/@rollup%2frollup-linux-arm-musleabihf 72ms (cache miss)
480 silly packumentCache full:https://registry.npmjs.org/@rollup%2frollup-linux-arm-musleabihf set size:undefined disposed:false
481 silly fetch manifest @rollup/rollup-linux-riscv64-musl@4.60.4
482 silly packumentCache full:https://registry.npmjs.org/@rollup%2frollup-linux-riscv64-musl cache-miss
483 http fetch GET 200 https://registry.npmjs.org/@rollup%2frollup-linux-arm64-musl 132ms (cache miss)
484 silly packumentCache full:https://registry.npmjs.org/@rollup%2frollup-linux-arm64-musl set size:undefined disposed:false
485 silly fetch manifest @rollup/rollup-linux-ppc64-gnu@4.60.4
486 silly packumentCache full:https://registry.npmjs.org/@rollup%2frollup-linux-ppc64-gnu cache-miss
487 http fetch GET 200 https://registry.npmjs.org/@rollup%2frollup-android-arm-eabi 125ms (cache miss)
488 silly packumentCache full:https://registry.npmjs.org/@rollup%2frollup-android-arm-eabi set size:undefined disposed:false
489 silly fetch manifest @rollup/rollup-linux-ppc64-musl@4.60.4
490 silly packumentCache full:https://registry.npmjs.org/@rollup%2frollup-linux-ppc64-musl cache-miss
491 http fetch GET 200 https://registry.npmjs.org/@rollup%2frollup-win32-ia32-msvc 53ms (cache miss)
492 silly packumentCache full:https://registry.npmjs.org/@rollup%2frollup-win32-ia32-msvc set size:undefined disposed:false
493 silly fetch manifest @rollup/rollup-linux-s390x-gnu@4.60.4
494 silly packumentCache full:https://registry.npmjs.org/@rollup%2frollup-linux-s390x-gnu cache-miss
495 http fetch GET 200 https://registry.npmjs.org/@rollup%2frollup-linux-loong64-gnu 53ms (cache miss)
496 silly packumentCache full:https://registry.npmjs.org/@rollup%2frollup-linux-loong64-gnu set size:undefined disposed:false
497 silly fetch manifest @rollup/rollup-darwin-x64@4.60.4
498 silly packumentCache full:https://registry.npmjs.org/@rollup%2frollup-darwin-x64 cache-miss
499 http fetch GET 200 https://registry.npmjs.org/@rollup%2frollup-linux-riscv64-musl 55ms (cache miss)
500 silly packumentCache full:https://registry.npmjs.org/@rollup%2frollup-linux-riscv64-musl set size:undefined disposed:false
501 silly fetch manifest @rollup/rollup-win32-x64-gnu@4.60.4
502 silly packumentCache full:https://registry.npmjs.org/@rollup%2frollup-win32-x64-gnu cache-miss
503 http fetch GET 200 https://registry.npmjs.org/@rollup%2frollup-linux-riscv64-gnu 60ms (cache miss)
504 silly packumentCache full:https://registry.npmjs.org/@rollup%2frollup-linux-riscv64-gnu set size:undefined disposed:false
505 silly fetch manifest @rollup/rollup-win32-x64-msvc@4.60.4
506 silly packumentCache full:https://registry.npmjs.org/@rollup%2frollup-win32-x64-msvc cache-miss
507 http fetch GET 200 https://registry.npmjs.org/@rollup%2frollup-linux-loong64-musl 73ms (cache miss)
508 silly packumentCache full:https://registry.npmjs.org/@rollup%2frollup-linux-loong64-musl set size:undefined disposed:false
509 silly fetch manifest @rollup/rollup-freebsd-x64@4.60.4
510 silly packumentCache full:https://registry.npmjs.org/@rollup%2frollup-freebsd-x64 cache-miss
511 http fetch GET 200 https://registry.npmjs.org/@rollup%2frollup-linux-ppc64-gnu 51ms (cache miss)
512 silly packumentCache full:https://registry.npmjs.org/@rollup%2frollup-linux-ppc64-gnu set size:undefined disposed:false
513 silly fetch manifest @rollup/rollup-linux-x64-gnu@4.60.4
514 silly packumentCache full:https://registry.npmjs.org/@rollup%2frollup-linux-x64-gnu cache-miss
515 http fetch GET 200 https://registry.npmjs.org/@rollup%2frollup-linux-ppc64-musl 51ms (cache miss)
516 silly packumentCache full:https://registry.npmjs.org/@rollup%2frollup-linux-ppc64-musl set size:undefined disposed:false
517 silly fetch manifest @rollup/rollup-linux-x64-musl@4.60.4
518 silly packumentCache full:https://registry.npmjs.org/@rollup%2frollup-linux-x64-musl cache-miss
519 http fetch GET 200 https://registry.npmjs.org/@rollup%2frollup-darwin-x64 58ms (cache miss)
520 silly packumentCache full:https://registry.npmjs.org/@rollup%2frollup-darwin-x64 set size:undefined disposed:false
521 silly fetch manifest @rollup/rollup-openbsd-x64@4.60.4
522 silly packumentCache full:https://registry.npmjs.org/@rollup%2frollup-openbsd-x64 cache-miss
523 http fetch GET 200 https://registry.npmjs.org/@rollup%2frollup-win32-x64-gnu 52ms (cache miss)
524 silly packumentCache full:https://registry.npmjs.org/@rollup%2frollup-win32-x64-gnu set size:undefined disposed:false
525 silly fetch manifest @rollup/rollup-openharmony-arm64@4.60.4
526 silly packumentCache full:https://registry.npmjs.org/@rollup%2frollup-openharmony-arm64 cache-miss
527 http fetch GET 200 https://registry.npmjs.org/@rollup%2frollup-freebsd-x64 51ms (cache miss)
528 silly packumentCache full:https://registry.npmjs.org/@rollup%2frollup-freebsd-x64 set size:undefined disposed:false
529 http fetch GET 200 https://registry.npmjs.org/@rollup%2frollup-win32-x64-msvc 61ms (cache miss)
530 silly packumentCache full:https://registry.npmjs.org/@rollup%2frollup-win32-x64-msvc set size:undefined disposed:false
531 http fetch GET 200 https://registry.npmjs.org/@rollup%2frollup-linux-x64-musl 58ms (cache miss)
532 silly packumentCache full:https://registry.npmjs.org/@rollup%2frollup-linux-x64-musl set size:undefined disposed:false
533 http fetch GET 200 https://registry.npmjs.org/@rollup%2frollup-linux-x64-gnu 70ms (cache miss)
534 silly packumentCache full:https://registry.npmjs.org/@rollup%2frollup-linux-x64-gnu set size:undefined disposed:false
535 http fetch GET 200 https://registry.npmjs.org/@rollup%2frollup-linux-s390x-gnu 108ms (cache miss)
536 silly packumentCache full:https://registry.npmjs.org/@rollup%2frollup-linux-s390x-gnu set size:undefined disposed:false
537 http fetch GET 200 https://registry.npmjs.org/@rollup%2frollup-openharmony-arm64 62ms (cache miss)
538 silly packumentCache full:https://registry.npmjs.org/@rollup%2frollup-openharmony-arm64 set size:undefined disposed:false
539 http fetch GET 200 https://registry.npmjs.org/@rollup%2frollup-openbsd-x64 96ms (cache miss)
540 silly packumentCache full:https://registry.npmjs.org/@rollup%2frollup-openbsd-x64 set size:undefined disposed:false
541 silly placeDep ROOT @esbuild/aix-ppc64@0.21.5 OK for: esbuild@0.21.5 want: 0.21.5
542 silly placeDep ROOT @esbuild/android-arm@0.21.5 OK for: esbuild@0.21.5 want: 0.21.5
543 silly placeDep ROOT @esbuild/android-arm64@0.21.5 OK for: esbuild@0.21.5 want: 0.21.5
544 silly placeDep ROOT @esbuild/android-x64@0.21.5 OK for: esbuild@0.21.5 want: 0.21.5
545 silly placeDep ROOT @esbuild/darwin-arm64@0.21.5 OK for: esbuild@0.21.5 want: 0.21.5
546 silly placeDep ROOT @esbuild/darwin-x64@0.21.5 OK for: esbuild@0.21.5 want: 0.21.5
547 silly placeDep ROOT @esbuild/freebsd-arm64@0.21.5 OK for: esbuild@0.21.5 want: 0.21.5
548 silly placeDep ROOT @esbuild/freebsd-x64@0.21.5 OK for: esbuild@0.21.5 want: 0.21.5
549 silly placeDep ROOT @esbuild/linux-arm@0.21.5 OK for: esbuild@0.21.5 want: 0.21.5
550 silly placeDep ROOT @esbuild/linux-arm64@0.21.5 OK for: esbuild@0.21.5 want: 0.21.5
551 silly placeDep ROOT @esbuild/linux-ia32@0.21.5 OK for: esbuild@0.21.5 want: 0.21.5
552 silly placeDep ROOT @esbuild/linux-loong64@0.21.5 OK for: esbuild@0.21.5 want: 0.21.5
553 silly placeDep ROOT @esbuild/linux-mips64el@0.21.5 OK for: esbuild@0.21.5 want: 0.21.5
554 silly placeDep ROOT @esbuild/linux-ppc64@0.21.5 OK for: esbuild@0.21.5 want: 0.21.5
555 silly placeDep ROOT @esbuild/linux-riscv64@0.21.5 OK for: esbuild@0.21.5 want: 0.21.5
556 silly placeDep ROOT @esbuild/linux-s390x@0.21.5 OK for: esbuild@0.21.5 want: 0.21.5
557 silly placeDep ROOT @esbuild/linux-x64@0.21.5 OK for: esbuild@0.21.5 want: 0.21.5
558 silly placeDep ROOT @esbuild/netbsd-x64@0.21.5 OK for: esbuild@0.21.5 want: 0.21.5
559 silly placeDep ROOT @esbuild/openbsd-x64@0.21.5 OK for: esbuild@0.21.5 want: 0.21.5
560 silly placeDep ROOT @esbuild/sunos-x64@0.21.5 OK for: esbuild@0.21.5 want: 0.21.5
561 silly placeDep ROOT @esbuild/win32-arm64@0.21.5 OK for: esbuild@0.21.5 want: 0.21.5
562 silly placeDep ROOT @esbuild/win32-ia32@0.21.5 OK for: esbuild@0.21.5 want: 0.21.5
563 silly placeDep ROOT @esbuild/win32-x64@0.21.5 OK for: esbuild@0.21.5 want: 0.21.5
564 silly placeDep ROOT nanoid@3.3.12 OK for: postcss@8.5.15 want: ^3.3.12
565 silly placeDep ROOT source-map-js@1.2.1 OK for: postcss@8.5.15 want: ^1.2.1
566 silly placeDep ROOT @rollup/rollup-android-arm-eabi@4.60.4 OK for: rollup@4.60.4 want: 4.60.4
567 silly placeDep ROOT @rollup/rollup-android-arm64@4.60.4 OK for: rollup@4.60.4 want: 4.60.4
568 silly placeDep ROOT @rollup/rollup-darwin-arm64@4.60.4 OK for: rollup@4.60.4 want: 4.60.4
569 silly placeDep ROOT @rollup/rollup-darwin-x64@4.60.4 OK for: rollup@4.60.4 want: 4.60.4
570 silly placeDep ROOT @rollup/rollup-freebsd-arm64@4.60.4 OK for: rollup@4.60.4 want: 4.60.4
571 silly placeDep ROOT @rollup/rollup-freebsd-x64@4.60.4 OK for: rollup@4.60.4 want: 4.60.4
572 silly placeDep ROOT @rollup/rollup-linux-arm-gnueabihf@4.60.4 OK for: rollup@4.60.4 want: 4.60.4
573 silly placeDep ROOT @rollup/rollup-linux-arm-musleabihf@4.60.4 OK for: rollup@4.60.4 want: 4.60.4
574 silly placeDep ROOT @rollup/rollup-linux-arm64-gnu@4.60.4 OK for: rollup@4.60.4 want: 4.60.4
575 silly placeDep ROOT @rollup/rollup-linux-arm64-musl@4.60.4 OK for: rollup@4.60.4 want: 4.60.4
576 silly placeDep ROOT @rollup/rollup-linux-loong64-gnu@4.60.4 OK for: rollup@4.60.4 want: 4.60.4
577 silly placeDep ROOT @rollup/rollup-linux-loong64-musl@4.60.4 OK for: rollup@4.60.4 want: 4.60.4
578 silly placeDep ROOT @rollup/rollup-linux-ppc64-gnu@4.60.4 OK for: rollup@4.60.4 want: 4.60.4
579 silly placeDep ROOT @rollup/rollup-linux-ppc64-musl@4.60.4 OK for: rollup@4.60.4 want: 4.60.4
580 silly placeDep ROOT @rollup/rollup-linux-riscv64-gnu@4.60.4 OK for: rollup@4.60.4 want: 4.60.4
581 silly placeDep ROOT @rollup/rollup-linux-riscv64-musl@4.60.4 OK for: rollup@4.60.4 want: 4.60.4
582 silly placeDep ROOT @rollup/rollup-linux-s390x-gnu@4.60.4 OK for: rollup@4.60.4 want: 4.60.4
583 silly placeDep ROOT @rollup/rollup-linux-x64-gnu@4.60.4 OK for: rollup@4.60.4 want: 4.60.4
584 silly placeDep ROOT @rollup/rollup-linux-x64-musl@4.60.4 OK for: rollup@4.60.4 want: 4.60.4
585 silly placeDep ROOT @rollup/rollup-openbsd-x64@4.60.4 OK for: rollup@4.60.4 want: 4.60.4
586 silly placeDep ROOT @rollup/rollup-openharmony-arm64@4.60.4 OK for: rollup@4.60.4 want: 4.60.4
587 silly placeDep ROOT @rollup/rollup-win32-arm64-msvc@4.60.4 OK for: rollup@4.60.4 want: 4.60.4
588 silly placeDep ROOT @rollup/rollup-win32-ia32-msvc@4.60.4 OK for: rollup@4.60.4 want: 4.60.4
589 silly placeDep ROOT @rollup/rollup-win32-x64-gnu@4.60.4 OK for: rollup@4.60.4 want: 4.60.4
590 silly placeDep ROOT @rollup/rollup-win32-x64-msvc@4.60.4 OK for: rollup@4.60.4 want: 4.60.4
591 silly placeDep ROOT @types/estree@1.0.8 OK for: rollup@4.60.4 want: 1.0.8
592 silly reify moves {}
593 silly audit bulk request {
593 silly audit   '@vitejs/plugin-react': [ '4.7.0' ],
593 silly audit   react: [ '18.3.1' ],
593 silly audit   'react-dom': [ '18.3.1' ],
593 silly audit   vite: [ '5.4.21' ],
593 silly audit   '@babel/core': [ '7.29.7' ],
593 silly audit   '@babel/plugin-transform-react-jsx-self': [ '7.29.7' ],
593 silly audit   '@babel/plugin-transform-react-jsx-source': [ '7.29.7' ],
593 silly audit   '@rolldown/pluginutils': [ '1.0.0-beta.27' ],
593 silly audit   '@types/babel__core': [ '7.20.5' ],
593 silly audit   'react-refresh': [ '0.17.0' ],
593 silly audit   '@babel/code-frame': [ '7.29.7' ],
593 silly audit   '@babel/generator': [ '7.29.7' ],
593 silly audit   '@babel/helper-compilation-targets': [ '7.29.7' ],
593 silly audit   '@babel/helper-module-transforms': [ '7.29.7' ],
593 silly audit   '@babel/helpers': [ '7.29.7' ],
593 silly audit   '@babel/parser': [ '7.29.7' ],
593 silly audit   '@babel/template': [ '7.29.7' ],
593 silly audit   '@babel/traverse': [ '7.29.7' ],
593 silly audit   '@babel/types': [ '7.29.7' ],
593 silly audit   '@jridgewell/remapping': [ '2.3.5' ],
593 silly audit   'convert-source-map': [ '2.0.0' ],
593 silly audit   debug: [ '4.4.3' ],
593 silly audit   gensync: [ '1.0.0-beta.2' ],
593 silly audit   json5: [ '2.2.3' ],
593 silly audit   semver: [ '6.3.1' ],
593 silly audit   '@babel/helper-validator-identifier': [ '7.29.7' ],
593 silly audit   'js-tokens': [ '4.0.0' ],
593 silly audit   picocolors: [ '1.1.1' ],
593 silly audit   '@jridgewell/gen-mapping': [ '0.3.13' ],
593 silly audit   '@jridgewell/trace-mapping': [ '0.3.31' ],
593 silly audit   jsesc: [ '3.1.0' ],
593 silly audit   '@babel/compat-data': [ '7.29.7' ],
593 silly audit   '@babel/helper-validator-option': [ '7.29.7' ],
593 silly audit   browserslist: [ '4.28.2' ],
593 silly audit   'lru-cache': [ '5.1.1' ],
593 silly audit   '@babel/helper-module-imports': [ '7.29.7' ],
593 silly audit   '@babel/helper-plugin-utils': [ '7.29.7' ],
593 silly audit   '@babel/helper-globals': [ '7.29.7' ],
593 silly audit   '@babel/helper-string-parser': [ '7.29.7' ],
593 silly audit   '@jridgewell/sourcemap-codec': [ '1.5.5' ],
593 silly audit   '@jridgewell/resolve-uri': [ '3.1.2' ],
593 silly audit   '@types/babel__generator': [ '7.27.0' ],
593 silly audit   '@types/babel__template': [ '7.4.4' ],
593 silly audit   '@types/babel__traverse': [ '7.28.0' ],
593 silly audit   'baseline-browser-mapping': [ '2.10.32' ],
593 silly audit   'caniuse-lite': [ '1.0.30001793' ],
593 silly audit   'electron-to-chromium': [ '1.5.361' ],
593 silly audit   'node-releases': [ '2.0.46' ],
593 silly audit   'update-browserslist-db': [ '1.2.3' ],
593 silly audit   ms: [ '2.1.3' ],
593 silly audit   yallist: [ '3.1.1' ],
593 silly audit   'loose-envify': [ '1.4.0' ],
593 silly audit   scheduler: [ '0.23.2' ],
593 silly audit   escalade: [ '3.2.0' ],
593 silly audit   esbuild: [ '0.21.5' ],
593 silly audit   fsevents: [ '2.3.3' ],
593 silly audit   postcss: [ '8.5.15' ],
593 silly audit   rollup: [ '4.60.4' ],
593 silly audit   '@esbuild/aix-ppc64': [ '0.21.5' ],
593 silly audit   '@esbuild/android-arm': [ '0.21.5' ],
593 silly audit   '@esbuild/android-arm64': [ '0.21.5' ],
593 silly audit   '@esbuild/android-x64': [ '0.21.5' ],
593 silly audit   '@esbuild/darwin-arm64': [ '0.21.5' ],
593 silly audit   '@esbuild/darwin-x64': [ '0.21.5' ],
593 silly audit   '@esbuild/freebsd-arm64': [ '0.21.5' ],
593 silly audit   '@esbuild/freebsd-x64': [ '0.21.5' ],
593 silly audit   '@esbuild/linux-arm': [ '0.21.5' ],
593 silly audit   '@esbuild/linux-arm64': [ '0.21.5' ],
593 silly audit   '@esbuild/linux-ia32': [ '0.21.5' ],
593 silly audit   '@esbuild/linux-loong64': [ '0.21.5' ],
593 silly audit   '@esbuild/linux-mips64el': [ '0.21.5' ],
593 silly audit   '@esbuild/linux-ppc64': [ '0.21.5' ],
593 silly audit   '@esbuild/linux-riscv64': [ '0.21.5' ],
593 silly audit   '@esbuild/linux-s390x': [ '0.21.5' ],
593 silly audit   '@esbuild/linux-x64': [ '0.21.5' ],
593 silly audit   '@esbuild/netbsd-x64': [ '0.21.5' ],
593 silly audit   '@esbuild/openbsd-x64': [ '0.21.5' ],
593 silly audit   '@esbuild/sunos-x64': [ '0.21.5' ],
593 silly audit   '@esbuild/win32-arm64': [ '0.21.5' ],
593 silly audit   '@esbuild/win32-ia32': [ '0.21.5' ],
593 silly audit   '@esbuild/win32-x64': [ '0.21.5' ],
593 silly audit   nanoid: [ '3.3.12' ],
593 silly audit   'source-map-js': [ '1.2.1' ],
593 silly audit   '@rollup/rollup-android-arm-eabi': [ '4.60.4' ],
593 silly audit   '@rollup/rollup-android-arm64': [ '4.60.4' ],
593 silly audit   '@rollup/rollup-darwin-arm64': [ '4.60.4' ],
593 silly audit   '@rollup/rollup-darwin-x64': [ '4.60.4' ],
593 silly audit   '@rollup/rollup-freebsd-arm64': [ '4.60.4' ],
593 silly audit   '@rollup/rollup-freebsd-x64': [ '4.60.4' ],
593 silly audit   '@rollup/rollup-linux-arm-gnueabihf': [ '4.60.4' ],
593 silly audit   '@rollup/rollup-linux-arm-musleabihf': [ '4.60.4' ],
593 silly audit   '@rollup/rollup-linux-arm64-gnu': [ '4.60.4' ],
593 silly audit   '@rollup/rollup-linux-arm64-musl': [ '4.60.4' ],
593 silly audit   '@rollup/rollup-linux-loong64-gnu': [ '4.60.4' ],
593 silly audit   '@rollup/rollup-linux-loong64-musl': [ '4.60.4' ],
593 silly audit   '@rollup/rollup-linux-ppc64-gnu': [ '4.60.4' ],
593 silly audit   '@rollup/rollup-linux-ppc64-musl': [ '4.60.4' ],
593 silly audit   '@rollup/rollup-linux-riscv64-gnu': [ '4.60.4' ],
593 silly audit   '@rollup/rollup-linux-riscv64-musl': [ '4.60.4' ],
593 silly audit   '@rollup/rollup-linux-s390x-gnu': [ '4.60.4' ],
593 silly audit   '@rollup/rollup-linux-x64-gnu': [ '4.60.4' ],
593 silly audit   '@rollup/rollup-linux-x64-musl': [ '4.60.4' ],
593 silly audit   '@rollup/rollup-openbsd-x64': [ '4.60.4' ],
593 silly audit   '@rollup/rollup-openharmony-arm64': [ '4.60.4' ],
593 silly audit   '@rollup/rollup-win32-arm64-msvc': [ '4.60.4' ],
593 silly audit   '@rollup/rollup-win32-ia32-msvc': [ '4.60.4' ],
593 silly audit   '@rollup/rollup-win32-x64-gnu': [ '4.60.4' ],
593 silly audit   '@rollup/rollup-win32-x64-msvc': [ '4.60.4' ],
593 silly audit   '@types/estree': [ '1.0.8' ]
593 silly audit }
594 http cache @rollup/rollup-darwin-x64@https://registry.npmjs.org/@rollup/rollup-darwin-x64/-/rollup-darwin-x64-4.60.4.tgz 0ms (cache hit)
595 http cache nanoid@https://registry.npmjs.org/nanoid/-/nanoid-3.3.12.tgz 0ms (cache hit)
596 http cache source-map-js@https://registry.npmjs.org/source-map-js/-/source-map-js-1.2.1.tgz 0ms (cache hit)
597 http cache @types/estree@https://registry.npmjs.org/@types/estree/-/estree-1.0.8.tgz 0ms (cache hit)
598 http cache @esbuild/darwin-x64@https://registry.npmjs.org/@esbuild/darwin-x64/-/darwin-x64-0.21.5.tgz 0ms (cache hit)
599 http cache rollup@https://registry.npmjs.org/rollup/-/rollup-4.60.4.tgz 0ms (cache hit)
600 http cache postcss@https://registry.npmjs.org/postcss/-/postcss-8.5.15.tgz 0ms (cache hit)
601 http cache escalade@https://registry.npmjs.org/escalade/-/escalade-3.2.0.tgz 0ms (cache hit)
602 http cache esbuild@https://registry.npmjs.org/esbuild/-/esbuild-0.21.5.tgz 0ms (cache hit)
603 http cache scheduler@https://registry.npmjs.org/scheduler/-/scheduler-0.23.2.tgz 0ms (cache hit)
604 http cache ms@https://registry.npmjs.org/ms/-/ms-2.1.3.tgz 0ms (cache hit)
605 http cache fsevents@https://registry.npmjs.org/fsevents/-/fsevents-2.3.3.tgz 0ms (cache hit)
606 http cache yallist@https://registry.npmjs.org/yallist/-/yallist-3.1.1.tgz 0ms (cache hit)
607 http cache loose-envify@https://registry.npmjs.org/loose-envify/-/loose-envify-1.4.0.tgz 0ms (cache hit)
608 http cache update-browserslist-db@https://registry.npmjs.org/update-browserslist-db/-/update-browserslist-db-1.2.3.tgz 0ms (cache hit)
609 http cache electron-to-chromium@https://registry.npmjs.org/electron-to-chromium/-/electron-to-chromium-1.5.361.tgz 0ms (cache hit)
610 http cache node-releases@https://registry.npmjs.org/node-releases/-/node-releases-2.0.46.tgz 0ms (cache hit)
611 http cache baseline-browser-mapping@https://registry.npmjs.org/baseline-browser-mapping/-/baseline-browser-mapping-2.10.32.tgz 0ms (cache hit)
612 http cache caniuse-lite@https://registry.npmjs.org/caniuse-lite/-/caniuse-lite-1.0.30001793.tgz 0ms (cache hit)
613 http cache @types/babel__traverse@https://registry.npmjs.org/@types/babel__traverse/-/babel__traverse-7.28.0.tgz 0ms (cache hit)
614 http cache @types/babel__template@https://registry.npmjs.org/@types/babel__template/-/babel__template-7.4.4.tgz 0ms (cache hit)
615 http cache @types/babel__generator@https://registry.npmjs.org/@types/babel__generator/-/babel__generator-7.27.0.tgz 0ms (cache hit)
616 http cache @jridgewell/resolve-uri@https://registry.npmjs.org/@jridgewell/resolve-uri/-/resolve-uri-3.1.2.tgz 0ms (cache hit)
617 http cache @jridgewell/sourcemap-codec@https://registry.npmjs.org/@jridgewell/sourcemap-codec/-/sourcemap-codec-1.5.5.tgz 0ms (cache hit)
618 http cache @babel/helper-plugin-utils@https://registry.npmjs.org/@babel/helper-plugin-utils/-/helper-plugin-utils-7.29.7.tgz 0ms (cache hit)
619 http cache @babel/helper-string-parser@https://registry.npmjs.org/@babel/helper-string-parser/-/helper-string-parser-7.29.7.tgz 0ms (cache hit)
620 http cache lru-cache@https://registry.npmjs.org/lru-cache/-/lru-cache-5.1.1.tgz 0ms (cache hit)
621 http cache @babel/helper-globals@https://registry.npmjs.org/@babel/helper-globals/-/helper-globals-7.29.7.tgz 0ms (cache hit)
622 http cache @babel/helper-validator-option@https://registry.npmjs.org/@babel/helper-validator-option/-/helper-validator-option-7.29.7.tgz 0ms (cache hit)
623 http cache browserslist@https://registry.npmjs.org/browserslist/-/browserslist-4.28.2.tgz 0ms (cache hit)
624 http cache @babel/helper-module-imports@https://registry.npmjs.org/@babel/helper-module-imports/-/helper-module-imports-7.29.7.tgz 0ms (cache hit)
625 http cache @babel/compat-data@https://registry.npmjs.org/@babel/compat-data/-/compat-data-7.29.7.tgz 0ms (cache hit)
626 http cache jsesc@https://registry.npmjs.org/jsesc/-/jsesc-3.1.0.tgz 0ms (cache hit)
627 http cache @jridgewell/trace-mapping@https://registry.npmjs.org/@jridgewell/trace-mapping/-/trace-mapping-0.3.31.tgz 0ms (cache hit)
628 http cache @jridgewell/gen-mapping@https://registry.npmjs.org/@jridgewell/gen-mapping/-/gen-mapping-0.3.13.tgz 0ms (cache hit)
629 http cache js-tokens@https://registry.npmjs.org/js-tokens/-/js-tokens-4.0.0.tgz 0ms (cache hit)
630 http cache picocolors@https://registry.npmjs.org/picocolors/-/picocolors-1.1.1.tgz 0ms (cache hit)
631 http cache @babel/helper-validator-identifier@https://registry.npmjs.org/@babel/helper-validator-identifier/-/helper-validator-identifier-7.29.7.tgz 0ms (cache hit)
632 http cache json5@https://registry.npmjs.org/json5/-/json5-2.2.3.tgz 0ms (cache hit)
633 http cache debug@https://registry.npmjs.org/debug/-/debug-4.4.3.tgz 0ms (cache hit)
634 http cache gensync@https://registry.npmjs.org/gensync/-/gensync-1.0.0-beta.2.tgz 0ms (cache hit)
635 http cache semver@https://registry.npmjs.org/semver/-/semver-6.3.1.tgz 0ms (cache hit)
636 http cache convert-source-map@https://registry.npmjs.org/convert-source-map/-/convert-source-map-2.0.0.tgz 0ms (cache hit)
637 http cache @jridgewell/remapping@https://registry.npmjs.org/@jridgewell/remapping/-/remapping-2.3.5.tgz 0ms (cache hit)
638 http cache @babel/template@https://registry.npmjs.org/@babel/template/-/template-7.29.7.tgz 0ms (cache hit)
639 http cache @babel/traverse@https://registry.npmjs.org/@babel/traverse/-/traverse-7.29.7.tgz 0ms (cache hit)
640 http cache @babel/types@https://registry.npmjs.org/@babel/types/-/types-7.29.7.tgz 0ms (cache hit)
641 http cache @babel/helpers@https://registry.npmjs.org/@babel/helpers/-/helpers-7.29.7.tgz 0ms (cache hit)
642 http cache @babel/parser@https://registry.npmjs.org/@babel/parser/-/parser-7.29.7.tgz 0ms (cache hit)
643 http cache @babel/helper-compilation-targets@https://registry.npmjs.org/@babel/helper-compilation-targets/-/helper-compilation-targets-7.29.7.tgz 0ms (cache hit)
644 http cache @babel/helper-module-transforms@https://registry.npmjs.org/@babel/helper-module-transforms/-/helper-module-transforms-7.29.7.tgz 0ms (cache hit)
645 http cache @babel/generator@https://registry.npmjs.org/@babel/generator/-/generator-7.29.7.tgz 0ms (cache hit)
646 http cache @babel/code-frame@https://registry.npmjs.org/@babel/code-frame/-/code-frame-7.29.7.tgz 0ms (cache hit)
647 http cache react-refresh@https://registry.npmjs.org/react-refresh/-/react-refresh-0.17.0.tgz 0ms (cache hit)
648 http cache @rolldown/pluginutils@https://registry.npmjs.org/@rolldown/pluginutils/-/pluginutils-1.0.0-beta.27.tgz 0ms (cache hit)
649 http cache @types/babel__core@https://registry.npmjs.org/@types/babel__core/-/babel__core-7.20.5.tgz 0ms (cache hit)
650 http cache @babel/plugin-transform-react-jsx-source@https://registry.npmjs.org/@babel/plugin-transform-react-jsx-source/-/plugin-transform-react-jsx-source-7.29.7.tgz 0ms (cache hit)
651 http cache @babel/core@https://registry.npmjs.org/@babel/core/-/core-7.29.7.tgz 0ms (cache hit)
652 http cache vite@https://registry.npmjs.org/vite/-/vite-5.4.21.tgz 0ms (cache hit)
653 http cache @babel/plugin-transform-react-jsx-self@https://registry.npmjs.org/@babel/plugin-transform-react-jsx-self/-/plugin-transform-react-jsx-self-7.29.7.tgz 0ms (cache hit)
654 silly tarball no local data for @rollup/rollup-darwin-x64@https://registry.npmjs.org/@rollup/rollup-darwin-x64/-/rollup-darwin-x64-4.60.4.tgz. Extracting by manifest.
655 silly tarball no local data for nanoid@https://registry.npmjs.org/nanoid/-/nanoid-3.3.12.tgz. Extracting by manifest.
656 silly tarball no local data for source-map-js@https://registry.npmjs.org/source-map-js/-/source-map-js-1.2.1.tgz. Extracting by manifest.
657 silly tarball no local data for @types/estree@https://registry.npmjs.org/@types/estree/-/estree-1.0.8.tgz. Extracting by manifest.
658 silly tarball no local data for @esbuild/darwin-x64@https://registry.npmjs.org/@esbuild/darwin-x64/-/darwin-x64-0.21.5.tgz. Extracting by manifest.
659 silly tarball no local data for rollup@https://registry.npmjs.org/rollup/-/rollup-4.60.4.tgz. Extracting by manifest.
660 silly tarball no local data for postcss@https://registry.npmjs.org/postcss/-/postcss-8.5.15.tgz. Extracting by manifest.
661 silly tarball no local data for escalade@https://registry.npmjs.org/escalade/-/escalade-3.2.0.tgz. Extracting by manifest.
662 silly tarball no local data for esbuild@https://registry.npmjs.org/esbuild/-/esbuild-0.21.5.tgz. Extracting by manifest.
663 silly tarball no local data for scheduler@https://registry.npmjs.org/scheduler/-/scheduler-0.23.2.tgz. Extracting by manifest.
664 silly tarball no local data for ms@https://registry.npmjs.org/ms/-/ms-2.1.3.tgz. Extracting by manifest.
665 silly tarball no local data for fsevents@https://registry.npmjs.org/fsevents/-/fsevents-2.3.3.tgz. Extracting by manifest.
666 silly tarball no local data for yallist@https://registry.npmjs.org/yallist/-/yallist-3.1.1.tgz. Extracting by manifest.
667 silly tarball no local data for loose-envify@https://registry.npmjs.org/loose-envify/-/loose-envify-1.4.0.tgz. Extracting by manifest.
668 silly tarball no local data for update-browserslist-db@https://registry.npmjs.org/update-browserslist-db/-/update-browserslist-db-1.2.3.tgz. Extracting by manifest.
669 silly tarball no local data for electron-to-chromium@https://registry.npmjs.org/electron-to-chromium/-/electron-to-chromium-1.5.361.tgz. Extracting by manifest.
670 silly tarball no local data for node-releases@https://registry.npmjs.org/node-releases/-/node-releases-2.0.46.tgz. Extracting by manifest.
671 silly tarball no local data for baseline-browser-mapping@https://registry.npmjs.org/baseline-browser-mapping/-/baseline-browser-mapping-2.10.32.tgz. Extracting by manifest.
672 silly tarball no local data for caniuse-lite@https://registry.npmjs.org/caniuse-lite/-/caniuse-lite-1.0.30001793.tgz. Extracting by manifest.
673 silly tarball no local data for @types/babel__traverse@https://registry.npmjs.org/@types/babel__traverse/-/babel__traverse-7.28.0.tgz. Extracting by manifest.
674 silly tarball no local data for @types/babel__template@https://registry.npmjs.org/@types/babel__template/-/babel__template-7.4.4.tgz. Extracting by manifest.
675 silly tarball no local data for @types/babel__generator@https://registry.npmjs.org/@types/babel__generator/-/babel__generator-7.27.0.tgz. Extracting by manifest.
676 silly tarball no local data for @jridgewell/resolve-uri@https://registry.npmjs.org/@jridgewell/resolve-uri/-/resolve-uri-3.1.2.tgz. Extracting by manifest.
677 silly tarball no local data for @jridgewell/sourcemap-codec@https://registry.npmjs.org/@jridgewell/sourcemap-codec/-/sourcemap-codec-1.5.5.tgz. Extracting by manifest.
678 silly tarball no local data for @babel/helper-plugin-utils@https://registry.npmjs.org/@babel/helper-plugin-utils/-/helper-plugin-utils-7.29.7.tgz. Extracting by manifest.
679 silly tarball no local data for @babel/helper-string-parser@https://registry.npmjs.org/@babel/helper-string-parser/-/helper-string-parser-7.29.7.tgz. Extracting by manifest.
680 silly tarball no local data for lru-cache@https://registry.npmjs.org/lru-cache/-/lru-cache-5.1.1.tgz. Extracting by manifest.
681 silly tarball no local data for @babel/helper-globals@https://registry.npmjs.org/@babel/helper-globals/-/helper-globals-7.29.7.tgz. Extracting by manifest.
682 silly tarball no local data for @babel/helper-validator-option@https://registry.npmjs.org/@babel/helper-validator-option/-/helper-validator-option-7.29.7.tgz. Extracting by manifest.
683 silly tarball no local data for browserslist@https://registry.npmjs.org/browserslist/-/browserslist-4.28.2.tgz. Extracting by manifest.
684 silly tarball no local data for @babel/helper-module-imports@https://registry.npmjs.org/@babel/helper-module-imports/-/helper-module-imports-7.29.7.tgz. Extracting by manifest.
685 silly tarball no local data for @babel/compat-data@https://registry.npmjs.org/@babel/compat-data/-/compat-data-7.29.7.tgz. Extracting by manifest.
686 silly tarball no local data for jsesc@https://registry.npmjs.org/jsesc/-/jsesc-3.1.0.tgz. Extracting by manifest.
687 silly tarball no local data for @jridgewell/trace-mapping@https://registry.npmjs.org/@jridgewell/trace-mapping/-/trace-mapping-0.3.31.tgz. Extracting by manifest.
688 silly tarball no local data for @jridgewell/gen-mapping@https://registry.npmjs.org/@jridgewell/gen-mapping/-/gen-mapping-0.3.13.tgz. Extracting by manifest.
689 silly tarball no local data for js-tokens@https://registry.npmjs.org/js-tokens/-/js-tokens-4.0.0.tgz. Extracting by manifest.
690 silly tarball no local data for picocolors@https://registry.npmjs.org/picocolors/-/picocolors-1.1.1.tgz. Extracting by manifest.
691 http cache react-dom@https://registry.npmjs.org/react-dom/-/react-dom-18.3.1.tgz 0ms (cache hit)
692 silly tarball no local data for @babel/helper-validator-identifier@https://registry.npmjs.org/@babel/helper-validator-identifier/-/helper-validator-identifier-7.29.7.tgz. Extracting by manifest.
693 silly tarball no local data for json5@https://registry.npmjs.org/json5/-/json5-2.2.3.tgz. Extracting by manifest.
694 silly tarball no local data for debug@https://registry.npmjs.org/debug/-/debug-4.4.3.tgz. Extracting by manifest.
695 silly tarball no local data for gensync@https://registry.npmjs.org/gensync/-/gensync-1.0.0-beta.2.tgz. Extracting by manifest.
696 silly tarball no local data for semver@https://registry.npmjs.org/semver/-/semver-6.3.1.tgz. Extracting by manifest.
697 http cache @vitejs/plugin-react@https://registry.npmjs.org/@vitejs/plugin-react/-/plugin-react-4.7.0.tgz 0ms (cache hit)
698 silly tarball no local data for convert-source-map@https://registry.npmjs.org/convert-source-map/-/convert-source-map-2.0.0.tgz. Extracting by manifest.
699 silly tarball no local data for @jridgewell/remapping@https://registry.npmjs.org/@jridgewell/remapping/-/remapping-2.3.5.tgz. Extracting by manifest.
700 silly tarball no local data for @babel/template@https://registry.npmjs.org/@babel/template/-/template-7.29.7.tgz. Extracting by manifest.
701 silly tarball no local data for @babel/traverse@https://registry.npmjs.org/@babel/traverse/-/traverse-7.29.7.tgz. Extracting by manifest.
702 silly tarball no local data for @babel/types@https://registry.npmjs.org/@babel/types/-/types-7.29.7.tgz. Extracting by manifest.
703 silly tarball no local data for @babel/helpers@https://registry.npmjs.org/@babel/helpers/-/helpers-7.29.7.tgz. Extracting by manifest.
704 silly tarball no local data for @babel/parser@https://registry.npmjs.org/@babel/parser/-/parser-7.29.7.tgz. Extracting by manifest.
705 silly tarball no local data for @babel/helper-compilation-targets@https://registry.npmjs.org/@babel/helper-compilation-targets/-/helper-compilation-targets-7.29.7.tgz. Extracting by manifest.
706 silly tarball no local data for @babel/helper-module-transforms@https://registry.npmjs.org/@babel/helper-module-transforms/-/helper-module-transforms-7.29.7.tgz. Extracting by manifest.
707 silly tarball no local data for @babel/generator@https://registry.npmjs.org/@babel/generator/-/generator-7.29.7.tgz. Extracting by manifest.
708 silly tarball no local data for @babel/code-frame@https://registry.npmjs.org/@babel/code-frame/-/code-frame-7.29.7.tgz. Extracting by manifest.
709 silly tarball no local data for react-refresh@https://registry.npmjs.org/react-refresh/-/react-refresh-0.17.0.tgz. Extracting by manifest.
710 silly tarball no local data for @rolldown/pluginutils@https://registry.npmjs.org/@rolldown/pluginutils/-/pluginutils-1.0.0-beta.27.tgz. Extracting by manifest.
711 silly tarball no local data for @types/babel__core@https://registry.npmjs.org/@types/babel__core/-/babel__core-7.20.5.tgz. Extracting by manifest.
712 silly tarball no local data for @babel/plugin-transform-react-jsx-source@https://registry.npmjs.org/@babel/plugin-transform-react-jsx-source/-/plugin-transform-react-jsx-source-7.29.7.tgz. Extracting by manifest.
713 silly tarball no local data for @babel/core@https://registry.npmjs.org/@babel/core/-/core-7.29.7.tgz. Extracting by manifest.
714 silly tarball no local data for vite@https://registry.npmjs.org/vite/-/vite-5.4.21.tgz. Extracting by manifest.
715 silly tarball no local data for @babel/plugin-transform-react-jsx-self@https://registry.npmjs.org/@babel/plugin-transform-react-jsx-self/-/plugin-transform-react-jsx-self-7.29.7.tgz. Extracting by manifest.
716 http cache react@https://registry.npmjs.org/react/-/react-18.3.1.tgz 0ms (cache hit)
717 silly tarball no local data for react-dom@https://registry.npmjs.org/react-dom/-/react-dom-18.3.1.tgz. Extracting by manifest.
718 silly tarball no local data for @vitejs/plugin-react@https://registry.npmjs.org/@vitejs/plugin-react/-/plugin-react-4.7.0.tgz. Extracting by manifest.
719 silly tarball no local data for react@https://registry.npmjs.org/react/-/react-18.3.1.tgz. Extracting by manifest.
720 http fetch POST 200 https://registry.npmjs.org/-/npm/v1/security/advisories/bulk 134ms
721 silly audit report {
721 silly audit report   vite: [
721 silly audit report     {
721 silly audit report       id: 1116229,
721 silly audit report       url: 'https://github.com/advisories/GHSA-4w7w-66w2-5vf9',
721 silly audit report       title: 'Vite Vulnerable to Path Traversal in Optimized Deps `.map` Handling',
721 silly audit report       severity: 'moderate',
721 silly audit report       vulnerable_versions: '<=6.4.1',
721 silly audit report       cwe: [Array],
721 silly audit report       cvss: [Object]
721 silly audit report     }
721 silly audit report   ],
721 silly audit report   esbuild: [
721 silly audit report     {
721 silly audit report       id: 1102341,
721 silly audit report       url: 'https://github.com/advisories/GHSA-67mh-4wv8-2f99',
721 silly audit report       title: 'esbuild enables any website to send any requests to the development server and read the response',
721 silly audit report       severity: 'moderate',
721 silly audit report       vulnerable_versions: '<=0.24.2',
721 silly audit report       cwe: [Array],
721 silly audit report       cvss: [Object]
721 silly audit report     }
721 silly audit report   ]
721 silly audit report }
722 silly packumentCache corgi:https://registry.npmjs.org/vite cache-miss
723 silly packumentCache corgi:https://registry.npmjs.org/esbuild cache-miss
724 http fetch GET 200 https://registry.npmjs.org/nanoid/-/nanoid-3.3.12.tgz 207ms (cache miss)
725 http fetch GET 200 https://registry.npmjs.org/@types/estree/-/estree-1.0.8.tgz 208ms (cache miss)
726 http fetch GET 200 https://registry.npmjs.org/update-browserslist-db/-/update-browserslist-db-1.2.3.tgz 212ms (cache miss)
727 http fetch GET 200 https://registry.npmjs.org/node-releases/-/node-releases-2.0.46.tgz 230ms (cache miss)
728 http fetch GET 200 https://registry.npmjs.org/electron-to-chromium/-/electron-to-chromium-1.5.361.tgz 250ms (cache miss)
729 http fetch GET 200 https://registry.npmjs.org/@types/babel__template/-/babel__template-7.4.4.tgz 249ms (cache miss)
730 http fetch GET 200 https://registry.npmjs.org/@types/babel__traverse/-/babel__traverse-7.28.0.tgz 253ms (cache miss)
731 http fetch GET 200 https://registry.npmjs.org/@types/babel__generator/-/babel__generator-7.27.0.tgz 266ms (cache miss)
732 http fetch GET 200 https://registry.npmjs.org/ms/-/ms-2.1.3.tgz 315ms (cache miss)
733 http fetch GET 200 https://registry.npmjs.org/lru-cache/-/lru-cache-5.1.1.tgz 308ms (cache miss)
734 http fetch GET 200 https://registry.npmjs.org/escalade/-/escalade-3.2.0.tgz 380ms (cache miss)
735 http fetch GET 200 https://registry.npmjs.org/loose-envify/-/loose-envify-1.4.0.tgz 391ms (cache miss)
736 http fetch GET 200 https://registry.npmjs.org/baseline-browser-mapping/-/baseline-browser-mapping-2.10.32.tgz 398ms (cache miss)
737 http fetch GET 200 https://registry.npmjs.org/yallist/-/yallist-3.1.1.tgz 446ms (cache miss)
738 http fetch GET 200 https://registry.npmjs.org/@jridgewell/resolve-uri/-/resolve-uri-3.1.2.tgz 463ms (cache miss)
739 http fetch GET 200 https://registry.npmjs.org/jsesc/-/jsesc-3.1.0.tgz 463ms (cache miss)
740 http fetch GET 200 https://registry.npmjs.org/@babel/helper-validator-option/-/helper-validator-option-7.29.7.tgz 466ms (cache miss)
741 http fetch GET 200 https://registry.npmjs.org/@babel/helper-plugin-utils/-/helper-plugin-utils-7.29.7.tgz 472ms (cache miss)
742 http fetch GET 200 https://registry.npmjs.org/js-tokens/-/js-tokens-4.0.0.tgz 473ms (cache miss)
743 http fetch GET 200 https://registry.npmjs.org/@babel/helper-string-parser/-/helper-string-parser-7.29.7.tgz 485ms (cache miss)
744 http fetch GET 200 https://registry.npmjs.org/debug/-/debug-4.4.3.tgz 483ms (cache miss)
745 http fetch GET 200 https://registry.npmjs.org/source-map-js/-/source-map-js-1.2.1.tgz 502ms (cache miss)
746 http fetch GET 200 https://registry.npmjs.org/picocolors/-/picocolors-1.1.1.tgz 487ms (cache miss)
747 http fetch GET 200 https://registry.npmjs.org/semver/-/semver-6.3.1.tgz 491ms (cache miss)
748 http fetch GET 200 https://registry.npmjs.org/gensync/-/gensync-1.0.0-beta.2.tgz 497ms (cache miss)
749 http fetch GET 200 https://registry.npmjs.org/fsevents/-/fsevents-2.3.3.tgz 518ms (cache miss)
750 http fetch GET 200 https://registry.npmjs.org/browserslist/-/browserslist-4.28.2.tgz 510ms (cache miss)
751 http fetch GET 200 https://registry.npmjs.org/convert-source-map/-/convert-source-map-2.0.0.tgz 508ms (cache miss)
752 http fetch GET 200 https://registry.npmjs.org/@babel/helper-globals/-/helper-globals-7.29.7.tgz 518ms (cache miss)
753 http fetch GET 200 https://registry.npmjs.org/@babel/plugin-transform-react-jsx-self/-/plugin-transform-react-jsx-self-7.29.7.tgz 506ms (cache miss)
754 http fetch GET 200 https://registry.npmjs.org/@babel/plugin-transform-react-jsx-source/-/plugin-transform-react-jsx-source-7.29.7.tgz 510ms (cache miss)
755 http fetch GET 200 https://registry.npmjs.org/@types/babel__core/-/babel__core-7.20.5.tgz 518ms (cache miss)
756 http fetch GET 200 https://registry.npmjs.org/react-refresh/-/react-refresh-0.17.0.tgz 521ms (cache miss)
757 http fetch GET 200 https://registry.npmjs.org/@rolldown/pluginutils/-/pluginutils-1.0.0-beta.27.tgz 521ms (cache miss)
758 http fetch GET 200 https://registry.npmjs.org/esbuild/-/esbuild-0.21.5.tgz 569ms (cache miss)
759 http fetch GET 200 https://registry.npmjs.org/@babel/helper-module-imports/-/helper-module-imports-7.29.7.tgz 566ms (cache miss)
760 http fetch GET 200 https://registry.npmjs.org/@babel/code-frame/-/code-frame-7.29.7.tgz 559ms (cache miss)
761 http fetch GET 200 https://registry.npmjs.org/@babel/helper-validator-identifier/-/helper-validator-identifier-7.29.7.tgz 569ms (cache miss)
762 http fetch GET 200 https://registry.npmjs.org/@babel/compat-data/-/compat-data-7.29.7.tgz 573ms (cache miss)
763 http fetch GET 200 https://registry.npmjs.org/@vitejs/plugin-react/-/plugin-react-4.7.0.tgz 519ms (cache miss)
764 http fetch GET 200 https://registry.npmjs.org/scheduler/-/scheduler-0.23.2.tgz 588ms (cache miss)
765 http fetch GET 200 https://registry.npmjs.org/@babel/helper-compilation-targets/-/helper-compilation-targets-7.29.7.tgz 596ms (cache miss)
766 http fetch GET 200 https://registry.npmjs.org/@jridgewell/sourcemap-codec/-/sourcemap-codec-1.5.5.tgz 619ms (cache miss)
767 http fetch GET 200 https://registry.npmjs.org/@babel/template/-/template-7.29.7.tgz 612ms (cache miss)
768 http fetch GET 200 https://registry.npmjs.org/@babel/helper-module-transforms/-/helper-module-transforms-7.29.7.tgz 629ms (cache miss)
769 http fetch GET 200 https://registry.npmjs.org/react/-/react-18.3.1.tgz 575ms (cache miss)
770 http fetch GET 200 https://registry.npmjs.org/@jridgewell/remapping/-/remapping-2.3.5.tgz 661ms (cache miss)
771 http fetch GET 200 https://registry.npmjs.org/json5/-/json5-2.2.3.tgz 680ms (cache miss)
772 http fetch GET 200 https://registry.npmjs.org/esbuild 597ms (cache miss)
773 silly packumentCache corgi:https://registry.npmjs.org/esbuild set size:undefined disposed:false
774 http fetch GET 200 https://registry.npmjs.org/@jridgewell/gen-mapping/-/gen-mapping-0.3.13.tgz 700ms (cache miss)
775 http fetch GET 200 https://registry.npmjs.org/@rollup/rollup-darwin-x64/-/rollup-darwin-x64-4.60.4.tgz 726ms (cache miss)
776 http fetch GET 200 https://registry.npmjs.org/@jridgewell/trace-mapping/-/trace-mapping-0.3.31.tgz 766ms (cache miss)
777 http fetch GET 200 https://registry.npmjs.org/postcss/-/postcss-8.5.15.tgz 781ms (cache miss)
778 http fetch GET 200 https://registry.npmjs.org/vite 691ms (cache miss)
779 silly packumentCache corgi:https://registry.npmjs.org/vite set size:undefined disposed:false
780 http fetch GET 200 https://registry.npmjs.org/@babel/parser/-/parser-7.29.7.tgz 808ms (cache miss)
781 http fetch GET 200 https://registry.npmjs.org/@babel/generator/-/generator-7.29.7.tgz 946ms (cache miss)
782 http fetch GET 200 https://registry.npmjs.org/rollup/-/rollup-4.60.4.tgz 980ms (cache miss)
783 http fetch GET 200 https://registry.npmjs.org/vite/-/vite-5.4.21.tgz 992ms (cache miss)
784 http fetch GET 200 https://registry.npmjs.org/@babel/traverse/-/traverse-7.29.7.tgz 1013ms (cache miss)
785 http fetch GET 200 https://registry.npmjs.org/react-dom/-/react-dom-18.3.1.tgz 999ms (cache miss)
786 http fetch GET 200 https://registry.npmjs.org/@esbuild/darwin-x64/-/darwin-x64-0.21.5.tgz 1233ms (cache miss)
787 http fetch GET 200 https://registry.npmjs.org/@babel/core/-/core-7.29.7.tgz 1225ms (cache miss)
788 http fetch GET 200 https://registry.npmjs.org/@babel/types/-/types-7.29.7.tgz 1294ms (cache miss)
789 http fetch GET 200 https://registry.npmjs.org/@babel/helpers/-/helpers-7.29.7.tgz 1316ms (cache miss)
790 http fetch GET 200 https://registry.npmjs.org/caniuse-lite/-/caniuse-lite-1.0.30001793.tgz 1707ms (cache miss)
791 info run fsevents@2.3.3 install node_modules/fsevents node-gyp rebuild
792 info run fsevents@2.3.3 install { code: 1, signal: null }
793 verbose reify failed optional dependency /Users/chrispatino/Documents/Intro to AI/timeless/node_modules/fsevents
794 silly reify mark deleted [
794 silly reify   '/Users/chrispatino/Documents/Intro to AI/timeless/node_modules/fsevents'
794 silly reify ]
795 info run esbuild@0.21.5 postinstall node_modules/esbuild node install.js
796 info run esbuild@0.21.5 postinstall { code: 0, signal: null }
797 silly ADD node_modules/@types/estree
798 silly ADD node_modules/@rollup/rollup-darwin-x64
799 silly ADD node_modules/source-map-js
800 silly ADD node_modules/nanoid
801 silly ADD node_modules/@esbuild/darwin-x64
802 silly ADD node_modules/rollup
803 silly ADD node_modules/postcss
804 silly ADD
805 silly ADD node_modules/esbuild
806 silly ADD node_modules/escalade
807 silly ADD node_modules/scheduler
808 silly ADD node_modules/loose-envify
809 silly ADD node_modules/yallist
810 silly ADD node_modules/ms
811 silly ADD node_modules/update-browserslist-db
812 silly ADD node_modules/node-releases
813 silly ADD node_modules/electron-to-chromium
814 silly ADD node_modules/caniuse-lite
815 silly ADD node_modules/baseline-browser-mapping
816 silly ADD node_modules/@types/babel__traverse
817 silly ADD node_modules/@types/babel__template
818 silly ADD node_modules/@types/babel__generator
819 silly ADD node_modules/@jridgewell/resolve-uri
820 silly ADD node_modules/@jridgewell/sourcemap-codec
821 silly ADD node_modules/@babel/helper-string-parser
822 silly ADD node_modules/@babel/helper-globals
823 silly ADD node_modules/@babel/helper-plugin-utils
824 silly ADD node_modules/@babel/helper-module-imports
825 silly ADD node_modules/lru-cache
826 silly ADD node_modules/browserslist
827 silly ADD node_modules/@babel/helper-validator-option
828 silly ADD node_modules/@babel/compat-data
829 silly ADD node_modules/jsesc
830 silly ADD node_modules/@jridgewell/trace-mapping
831 silly ADD node_modules/@jridgewell/gen-mapping
832 silly ADD node_modules/picocolors
833 silly ADD node_modules/js-tokens
834 silly ADD node_modules/@babel/helper-validator-identifier
835 silly ADD node_modules/semver
836 silly ADD node_modules/json5
837 silly ADD node_modules/gensync
838 silly ADD node_modules/debug
839 silly ADD node_modules/convert-source-map
840 silly ADD node_modules/@jridgewell/remapping
841 silly ADD node_modules/@babel/types
842 silly ADD node_modules/@babel/traverse
843 silly ADD node_modules/@babel/template
844 silly ADD node_modules/@babel/parser
845 silly ADD node_modules/@babel/helpers
846 silly ADD node_modules/@babel/helper-module-transforms
847 silly ADD node_modules/@babel/helper-compilation-targets
848 silly ADD node_modules/@babel/generator
849 silly ADD node_modules/@babel/code-frame
850 silly ADD node_modules/react-refresh
851 silly ADD node_modules/@types/babel__core
852 silly ADD node_modules/@rolldown/pluginutils
853 silly ADD node_modules/@babel/plugin-transform-react-jsx-source
854 silly ADD node_modules/@babel/plugin-transform-react-jsx-self
855 silly ADD node_modules/@babel/core
856 silly ADD node_modules/vite
857 silly ADD node_modules/react-dom
858 silly ADD node_modules/react
859 silly ADD node_modules/@vitejs/plugin-react
860 verbose cwd /Users/chrispatino/Documents/Intro to AI/timeless
861 verbose os Darwin 21.6.0
862 verbose node v24.13.0
863 verbose npm  v11.6.2
864 notice
864 notice New minor version of npm available! 11.6.2 -> 11.15.0
864 notice Changelog: https://github.com/npm/cli/releases/tag/v11.15.0
864 notice To update run: npm install -g npm@11.15.0
864 notice  { force: true, Symbol(proc-log.meta): true }
865 verbose exit 0
866 info ok
